Archive member included to satisfy reference by file (symbol)

C:/stm32_enviroment/arm-gnu-toolchain-13.3.rel1-mingw-w64-i686-arm-none-eabi/bin/../lib/gcc/arm-none-eabi/13.3.1/thumb/v6-m/nofp\libgcc.a(_udivsi3.o)
                              CMakeFiles/creatFire.elf.dir/Core/Src/system_stm32f0xx.c.obj (__aeabi_uidiv)
C:/stm32_enviroment/arm-gnu-toolchain-13.3.rel1-mingw-w64-i686-arm-none-eabi/bin/../lib/gcc/arm-none-eabi/13.3.1/thumb/v6-m/nofp\libgcc.a(_dvmd_tls.o)
                              C:/stm32_enviroment/arm-gnu-toolchain-13.3.rel1-mingw-w64-i686-arm-none-eabi/bin/../lib/gcc/arm-none-eabi/13.3.1/thumb/v6-m/nofp\libgcc.a(_udivsi3.o) (__aeabi_idiv0)
C:/stm32_enviroment/arm-gnu-toolchain-13.3.rel1-mingw-w64-i686-arm-none-eabi/bin/../lib/gcc/arm-none-eabi/13.3.1/thumb/v6-m/nofp\libg.a(libc_a-exit.o)
                              C:/stm32_enviroment/arm-gnu-toolchain-13.3.rel1-mingw-w64-i686-arm-none-eabi/bin/../lib/gcc/arm-none-eabi/13.3.1/thumb/v6-m/nofp/crt0.o (exit)
C:/stm32_enviroment/arm-gnu-toolchain-13.3.rel1-mingw-w64-i686-arm-none-eabi/bin/../lib/gcc/arm-none-eabi/13.3.1/thumb/v6-m/nofp\libg.a(libc_a-findfp.o)
                              C:/stm32_enviroment/arm-gnu-toolchain-13.3.rel1-mingw-w64-i686-arm-none-eabi/bin/../lib/gcc/arm-none-eabi/13.3.1/thumb/v6-m/nofp\libg.a(libc_a-exit.o) (__stdio_exit_handler)
C:/stm32_enviroment/arm-gnu-toolchain-13.3.rel1-mingw-w64-i686-arm-none-eabi/bin/../lib/gcc/arm-none-eabi/13.3.1/thumb/v6-m/nofp\libg.a(libc_a-fwalk.o)
                              C:/stm32_enviroment/arm-gnu-toolchain-13.3.rel1-mingw-w64-i686-arm-none-eabi/bin/../lib/gcc/arm-none-eabi/13.3.1/thumb/v6-m/nofp\libg.a(libc_a-findfp.o) (_fwalk_sglue)
C:/stm32_enviroment/arm-gnu-toolchain-13.3.rel1-mingw-w64-i686-arm-none-eabi/bin/../lib/gcc/arm-none-eabi/13.3.1/thumb/v6-m/nofp\libg.a(libc_a-stdio.o)
                              C:/stm32_enviroment/arm-gnu-toolchain-13.3.rel1-mingw-w64-i686-arm-none-eabi/bin/../lib/gcc/arm-none-eabi/13.3.1/thumb/v6-m/nofp\libg.a(libc_a-findfp.o) (__sread)
C:/stm32_enviroment/arm-gnu-toolchain-13.3.rel1-mingw-w64-i686-arm-none-eabi/bin/../lib/gcc/arm-none-eabi/13.3.1/thumb/v6-m/nofp\libg.a(libc_a-memset.o)
                              C:/stm32_enviroment/arm-gnu-toolchain-13.3.rel1-mingw-w64-i686-arm-none-eabi/bin/../lib/gcc/arm-none-eabi/13.3.1/thumb/v6-m/nofp/crt0.o (memset)
C:/stm32_enviroment/arm-gnu-toolchain-13.3.rel1-mingw-w64-i686-arm-none-eabi/bin/../lib/gcc/arm-none-eabi/13.3.1/thumb/v6-m/nofp\libg.a(libc_a-closer.o)
                              C:/stm32_enviroment/arm-gnu-toolchain-13.3.rel1-mingw-w64-i686-arm-none-eabi/bin/../lib/gcc/arm-none-eabi/13.3.1/thumb/v6-m/nofp\libg.a(libc_a-stdio.o) (_close_r)
C:/stm32_enviroment/arm-gnu-toolchain-13.3.rel1-mingw-w64-i686-arm-none-eabi/bin/../lib/gcc/arm-none-eabi/13.3.1/thumb/v6-m/nofp\libg.a(libc_a-reent.o)
                              C:/stm32_enviroment/arm-gnu-toolchain-13.3.rel1-mingw-w64-i686-arm-none-eabi/bin/../lib/gcc/arm-none-eabi/13.3.1/thumb/v6-m/nofp\libg.a(libc_a-closer.o) (errno)
C:/stm32_enviroment/arm-gnu-toolchain-13.3.rel1-mingw-w64-i686-arm-none-eabi/bin/../lib/gcc/arm-none-eabi/13.3.1/thumb/v6-m/nofp\libg.a(libc_a-impure.o)
                              C:/stm32_enviroment/arm-gnu-toolchain-13.3.rel1-mingw-w64-i686-arm-none-eabi/bin/../lib/gcc/arm-none-eabi/13.3.1/thumb/v6-m/nofp\libg.a(libc_a-reent.o) (_impure_ptr)
C:/stm32_enviroment/arm-gnu-toolchain-13.3.rel1-mingw-w64-i686-arm-none-eabi/bin/../lib/gcc/arm-none-eabi/13.3.1/thumb/v6-m/nofp\libg.a(libc_a-lseekr.o)
                              C:/stm32_enviroment/arm-gnu-toolchain-13.3.rel1-mingw-w64-i686-arm-none-eabi/bin/../lib/gcc/arm-none-eabi/13.3.1/thumb/v6-m/nofp\libg.a(libc_a-stdio.o) (_lseek_r)
C:/stm32_enviroment/arm-gnu-toolchain-13.3.rel1-mingw-w64-i686-arm-none-eabi/bin/../lib/gcc/arm-none-eabi/13.3.1/thumb/v6-m/nofp\libg.a(libc_a-readr.o)
                              C:/stm32_enviroment/arm-gnu-toolchain-13.3.rel1-mingw-w64-i686-arm-none-eabi/bin/../lib/gcc/arm-none-eabi/13.3.1/thumb/v6-m/nofp\libg.a(libc_a-stdio.o) (_read_r)
C:/stm32_enviroment/arm-gnu-toolchain-13.3.rel1-mingw-w64-i686-arm-none-eabi/bin/../lib/gcc/arm-none-eabi/13.3.1/thumb/v6-m/nofp\libg.a(libc_a-writer.o)
                              C:/stm32_enviroment/arm-gnu-toolchain-13.3.rel1-mingw-w64-i686-arm-none-eabi/bin/../lib/gcc/arm-none-eabi/13.3.1/thumb/v6-m/nofp\libg.a(libc_a-stdio.o) (_write_r)
C:/stm32_enviroment/arm-gnu-toolchain-13.3.rel1-mingw-w64-i686-arm-none-eabi/bin/../lib/gcc/arm-none-eabi/13.3.1/thumb/v6-m/nofp\libg.a(libc_a-errno.o)
                              CMakeFiles/creatFire.elf.dir/Core/Src/syscalls.c.obj (__errno)
C:/stm32_enviroment/arm-gnu-toolchain-13.3.rel1-mingw-w64-i686-arm-none-eabi/bin/../lib/gcc/arm-none-eabi/13.3.1/thumb/v6-m/nofp\libg.a(libc_a-init.o)
[...]
Memory Configuration

Name             Origin             Length             Attributes
RAM              0x20000000         0x00001000         xrw
FLASH            0x08000000         0x00004000         xr
*default*        0x00000000         0xffffffff

Linker script and memory map

LOAD C:/stm32_enviroment/arm-gnu-toolchain-13.3.rel1-mingw-w64-i686-arm-none-eabi/bin/../lib/gcc/arm-none-eabi/13.3.1/thumb/v6-m/nofp/crti.o
LOAD C:/stm32_enviroment/arm-gnu-toolchain-13.3.rel1-mingw-w64-i686-arm-none-eabi/bin/../lib/gcc/arm-none-eabi/13.3.1/thumb/v6-m/nofp/crtbegin.o
LOAD C:/stm32_enviroment/arm-gnu-toolchain-13.3.rel1-mingw-w64-i686-arm-none-eabi/bin/../lib/gcc/arm-none-eabi/13.3.1/thumb/v6-m/nofp/crt0.o
LOAD CMakeFiles/creatFire.elf.dir/Bsp/Src/Bsp_fire.c.obj
LOAD CMakeFiles/creatFire.elf.dir/Bsp/Src/Bsp_usart.c.obj
LOAD CMakeFiles/creatFire.elf.dir/Core/Src/adc.c.obj
LOAD CMakeFiles/creatFire.elf.dir/Core/Src/gpio.c.obj
LOAD CMakeFiles/creatFire.elf.dir/Core/Src/main.c.obj
LOAD CMakeFiles/creatFire.elf.dir/Core/Src/stm32f0xx_hal_msp.c.obj
LOAD CMakeFiles/creatFire.elf.dir/Core/Src/stm32f0xx_it.c.obj
LOAD CMakeFiles/creatFire.elf.dir/Core/Src/syscalls.c.obj
LOAD CMakeFiles/creatFire.elf.dir/Core/Src/sysmem.c.obj
LOAD CMakeFiles/creatFire.elf.dir/Core/Src/system_stm32f0xx.c.obj
LOAD CMakeFiles/creatFire.elf.dir/Core/Src/tim.c.obj
LOAD CMakeFiles/creatFire.elf.dir/Core/Src/usart.c.obj
LOAD CMakeFiles/creatFire.elf.dir/Core/Startup/startup_stm32f030f4px.s.obj
LOAD CMakeFiles/creatFire.elf.dir/Drivers/STM32F0xx_HAL_Driver/Src/stm32f0xx_hal.c.obj
LOAD CMakeFiles/creatFire.elf.dir/Drivers/STM32F0xx_HAL_Driver/Src/stm32f0xx_hal_adc.c.obj
LOAD CMakeFiles/creatFire.elf.dir/Drivers/STM32F0xx_HAL_Driver/Src/stm32f0xx_hal_adc_ex.c.obj
LOAD CMakeFiles/creatFire.elf.dir/Drivers/STM32F0xx_HAL_Driver/Src/stm32f0xx_hal_cortex.c.obj
LOAD CMakeFiles/creatFire.elf.dir/Drivers/STM32F0xx_HAL_Driver/Src/stm32f0xx_hal_dma.c.obj
LOAD CMakeFiles/creatFire.elf.dir/Drivers/STM32F0xx_HAL_Driver/Src/stm32f0xx_hal_exti.c.obj
LOAD CMakeFiles/creatFire.elf.dir/Drivers/STM32F0xx_HAL_Driver/Src/stm32f0xx_hal_flash.c.obj
LOAD CMakeFiles/creatFire.elf.dir/Drivers/STM32F0xx_HAL_Driver/Src/stm32f0xx_hal_flash_ex.c.obj
LOAD CMakeFiles/creatFire.elf.dir/Drivers/STM32F0xx_HAL_Driver/Src/stm32f0xx_hal_gpio.c.obj
LOAD CMakeFiles/creatFire.elf.dir/Drivers/STM32F0xx_HAL_Driver/Src/stm32f0xx_hal_i2c.c.obj
LOAD CMakeFiles/creatFire.elf.dir/Drivers/STM32F0xx_HAL_Driver/Src/stm32f0xx_hal_i2c_ex.c.obj
LOAD CMakeFiles/creatFire.elf.dir/Drivers/STM32F0xx_HAL_Driver/Src/stm32f0xx_hal_pwr.c.obj
LOAD CMakeFiles/creatFire.elf.dir/Drivers/STM32F0xx_HAL_Driver/Src/stm32f0xx_hal_pwr_ex.c.obj
LOAD CMakeFiles/creatFire.elf.dir/Drivers/STM32F0xx_HAL_Driver/Src/stm32f0xx_hal_rcc.c.obj
LOAD CMakeFiles/creatFire.elf.dir/Drivers/STM32F0xx_HAL_Driver/Src/stm32f0xx_hal_rcc_ex.c.obj
LOAD CMakeFiles/creatFire.elf.dir/Drivers/STM32F0xx_HAL_Driver/Src/stm32f0xx_hal_tim.c.obj
LOAD CMakeFiles/creatFire.elf.dir/Drivers/STM32F0xx_HAL_Driver/Src/stm32f0xx_hal_tim_ex.c.obj
LOAD CMakeFiles/creatFire.elf.dir/Drivers/STM32F0xx_HAL_Driver/Src/stm32f0xx_hal_uart.c.obj
LOAD CMakeFiles/creatFire.elf.dir/Drivers/STM32F0xx_HAL_Driver/Src/stm32f0xx_hal_uart_ex.c.obj
START GROUP
LOAD C:/stm32_enviroment/arm-gnu-toolchain-13.3.rel1-mingw-w64-i686-arm-none-eabi/bin/../lib/gcc/arm-none-eabi/13.3.1/thumb/v6-m/nofp\libgcc.a
LOAD C:/stm32_enviroment/arm-gnu-toolchain-13.3.rel1-mingw-w64-i686-arm-none-eabi/bin/../lib/gcc/arm-none-eabi/13.3.1/thumb/v6-m/nofp\libg.a
LOAD C:/stm32_enviroment/arm-gnu-toolchain-13.3.rel1-mingw-w64-i686-arm-none-eabi/bin/../lib/gcc/arm-none-eabi/13.3.1/thumb/v6-m/nofp\libc.a
END GROUP
LOAD C:/stm32_enviroment/arm-gnu-toolchain-13.3.rel1-mingw-w64-i686-arm-none-eabi/bin/../lib/gcc/arm-none-eabi/13.3.1/thumb/v6-m/nofp/crtend.o
LOAD C:/stm32_enviroment/arm-gnu-toolchain-13.3.rel1-mingw-w64-i686-arm-none-eabi/bin/../lib/gcc/arm-none-eabi/13.3.1/thumb/v6-m/nofp/crtn.o
                0x20001000                        _estack = (ORIGIN (RAM) + LENGTH (RAM))
                0x00000200                        _Min_Heap_Size = 0x200
                0x00000400                        _Min_Stack_Size = 0x400

.isr_vector     0x08000000       0xc0
                0x08000000                        . = ALIGN (0x4)
 *(.isr_vector)
 .isr_vector    0x08000000       0xc0 CMakeFiles/creatFire.elf.dir/Core/Startup/startup_stm32f030f4px.s.obj
                0x08000000                g_pfnVectors
                0x080000c0                        . = ALIGN (0x4)

.text           0x080000c0     0x24f0
                0x080000c0                        . = ALIGN (0x4)
 *(.text)
 .text          0x080000c0      0x114 C:/stm32_enviroment/arm-gnu-toolchain-13.3.rel1-mingw-w64-i686-arm-none-eabi/bin/../lib/gcc/arm-none-eabi/13.3.1/thumb/v6-m/nofp\libgcc.a(_udivsi3.o)
                0x080000c0                __aeabi_uidiv
                0x080000c0                __udivsi3
                0x080001cc                __aeabi_uidivmod
 .text          0x080001d4        0x4 C:/stm32_enviroment/arm-gnu-toolchain-13.3.rel1-mingw-w64-i686-arm-none-eabi/bin/../lib/gcc/arm-none-eabi/13.3.1/thumb/v6-m/nofp\libgcc.a(_dvmd_tls.o)
                0x080001d4                __aeabi_idiv0
                0x080001d4                __aeabi_ldiv0
 *(.text*)
 .text.deregister_tm_clones
                0x080001d8       0x20 C:/stm32_enviroment/arm-gnu-toolchain-13.3.rel1-mingw-w64-i686-arm-none-eabi/bin/../lib/gcc/arm-none-eabi/13.3.1/thumb/v6-m/nofp/crtbegin.o
 .text.register_tm_clones
                0x080001f8       0x28 C:/stm32_enviroment/arm-gnu-toolchain-13.3.rel1-mingw-w64-i686-arm-none-eabi/bin/../lib/gcc/arm-none-eabi/13.3.1/thumb/v6-m/nofp/crtbegin.o
 .text.__do_global_dtors_aux
                0x08000220       0x2c C:/stm32_enviroment/arm-gnu-toolchain-13.3.rel1-mingw-w64-i686-arm-none-eabi/bin/../lib/gcc/arm-none-eabi/13.3.1/thumb/v6-m/nofp/crtbegin.o
 .text.frame_dummy
                0x0800024c       0x24 C:/stm32_enviroment/arm-gnu-toolchain-13.3.rel1-mingw-w64-i686-arm-none-eabi/bin/../lib/gcc/arm-none-eabi/13.3.1/thumb/v6-m/nofp/crtbegin.o
 .text.MX_ADC_Init
                0x08000270       0x90 CMakeFiles/creatFire.elf.dir/Core/Src/adc.c.obj
                0x08000270                MX_ADC_Init
 .text.HAL_ADC_MspInit
                0x08000300       0x5c CMakeFiles/creatFire.elf.dir/Core/Src/adc.c.obj
                0x08000300                HAL_ADC_MspInit
 .text.MX_GPIO_Init
                0x0800035c       0x74 CMakeFiles/creatFire.elf.dir/Core/Src/gpio.c.obj
                0x0800035c                MX_GPIO_Init
 .text.Error_Handler
                0x080003d0        0x4 CMakeFiles/creatFire.elf.dir/Core/Src/main.c.obj
                0x080003d0                Error_Handler
 .text.SystemClock_Config
                0x080003d4       0x82 CMakeFiles/creatFire.elf.dir/Core/Src/main.c.obj
                0x080003d4                SystemClock_Config
 *fill*         0x08000456        0x2 
 .text.main     0x08000458       0x34 CMakeFiles/creatFire.elf.dir/Core/Src/main.c.obj
                0x08000458                main
 .text.HAL_MspInit
                0x0800048c       0x30 CMakeFiles/creatFire.elf.dir/Core/Src/stm32f0xx_hal_msp.c.obj
                0x0800048c                HAL_MspInit
 .text.NMI_Handler
                0x080004bc        0x2 CMakeFiles/creatFire.elf.dir/Core/Src/stm32f0xx_it.c.obj
                0x080004bc                NMI_Handler
 .text.HardFault_Handler
                0x080004be        0x2 CMakeFiles/creatFire.elf.dir/Core/Src/stm32f0xx_it.c.obj
                0x080004be                HardFault_Handler
 .text.SVC_Handler
                0x080004c0        0x2 CMakeFiles/creatFire.elf.dir/Core/Src/stm32f0xx_it.c.obj
                0x080004c0                SVC_Handler
 .text.PendSV_Handler
                0x080004c2        0x2 CMakeFiles/creatFire.elf.dir/Core/Src/stm32f0xx_it.c.obj
                0x080004c2                PendSV_Handler
 .text.SysTick_Handler
                0x080004c4        0x8 CMakeFiles/creatFire.elf.dir/Core/Src/stm32f0xx_it.c.obj
                0x080004c4                SysTick_Handler
 .text.USART1_IRQHandler
                0x080004cc       0x10 CMakeFiles/creatFire.elf.dir/Core/Src/stm32f0xx_it.c.obj
                0x080004cc                USART1_IRQHandler
 .text.SystemInit
                0x080004dc        0x2 CMakeFiles/creatFire.elf.dir/Core/Src/system_stm32f0xx.c.obj
                0x080004dc                SystemInit
 *fill*         0x080004de        0x2 
 .text.HAL_TIM_Base_MspInit
                0x080004e0       0x2c CMakeFiles/creatFire.elf.dir/Core/Src/tim.c.obj
                0x080004e0                HAL_TIM_Base_MspInit
 .text.HAL_TIM_MspPostInit
                0x0800050c       0x54 CMakeFiles/creatFire.elf.dir/Core/Src/tim.c.obj
                0x0800050c                HAL_TIM_MspPostInit
 .text.MX_TIM1_Init
                0x08000560       0xf4 CMakeFiles/creatFire.elf.dir/Core/Src/tim.c.obj
                0x08000560                MX_TIM1_Init
 .text.MX_USART1_UART_Init
                0x08000654       0x3c CMakeFiles/creatFire.elf.dir/Core/Src/usart.c.obj
                0x08000654                MX_USART1_UART_Init
 .text.HAL_UART_MspInit
                0x08000690       0x78 CMakeFiles/creatFire.elf.dir/Core/Src/usart.c.obj
                0x08000690                HAL_UART_MspInit
 .text.Reset_Handler
                0x08000708       0x50 CMakeFiles/creatFire.elf.dir/Core/Startup/startup_stm32f030f4px.s.obj
                0x08000708                Reset_Handler
 .text.Default_Handler
                0x08000758        0x2 CMakeFiles/creatFire.elf.dir/Core/Startup/startup_stm32f030f4px.s.obj
                0x08000758                TIM1_CC_IRQHandler
                0x08000758                I2C1_IRQHandler
                0x08000758                SPI1_IRQHandler
                0x08000758                EXTI2_3_IRQHandler
                0x08000758                ADC1_IRQHandler
                0x08000758                TIM17_IRQHandler
                0x08000758                RTC_IRQHandler
                0x08000758                TIM16_IRQHandler
                0x08000758                TIM3_IRQHandler
                0x08000758                EXTI4_15_IRQHandler
                0x08000758                RCC_IRQHandler
                0x08000758                DMA1_Channel1_IRQHandler
                0x08000758                Default_Handler
                0x08000758                TIM14_IRQHandler
                0x08000758                DMA1_Channel4_5_IRQHandler
                0x08000758                EXTI0_1_IRQHandler
                0x08000758                WWDG_IRQHandler
                0x08000758                DMA1_Channel2_3_IRQHandler
                0x08000758                FLASH_IRQHandler
                0x08000758                TIM1_BRK_UP_TRG_COM_IRQHandler
 *fill*         0x0800075a        0x2 
 .text.HAL_InitTick
                0x0800075c       0x50 CMakeFiles/creatFire.elf.dir/Drivers/STM32F0xx_HAL_Driver/Src/stm32f0xx_hal.c.obj
                0x0800075c                HAL_InitTick
 .text.HAL_Init
                0x080007ac       0x20 CMakeFiles/creatFire.elf.dir/Drivers/STM32F0xx_HAL_Driver/Src/stm32f0xx_hal.c.obj
                0x080007ac                HAL_Init
 .text.HAL_IncTick
                0x080007cc       0x18 CMakeFiles/creatFire.elf.dir/Drivers/STM32F0xx_HAL_Driver/Src/stm32f0xx_hal.c.obj
                0x080007cc                HAL_IncTick
 .text.HAL_GetTick
                0x080007e4        0xc CMakeFiles/creatFire.elf.dir/Drivers/STM32F0xx_HAL_Driver/Src/stm32f0xx_hal.c.obj
                0x080007e4                HAL_GetTick
 .text.HAL_ADC_Init
                0x080007f0      0x184 CMakeFiles/creatFire.elf.dir/Drivers/STM32F0xx_HAL_Driver/Src/stm32f0xx_hal_adc.c.obj
                0x080007f0                HAL_ADC_Init
 .text.HAL_ADC_ConfigChannel
                0x08000974      0x124 CMakeFiles/creatFire.elf.dir/Drivers/STM32F0xx_HAL_Driver/Src/stm32f0xx_hal_adc.c.obj
                0x08000974                HAL_ADC_ConfigChannel
 .text.__NVIC_SetPriority
                0x08000a98       0x60 CMakeFiles/creatFire.elf.dir/Drivers/STM32F0xx_HAL_Driver/Src/stm32f0xx_hal_cortex.c.obj
 .text.SysTick_Config
                0x08000af8       0x38 CMakeFiles/creatFire.elf.dir/Drivers/STM32F0xx_HAL_Driver/Src/stm32f0xx_hal_cortex.c.obj
 .text.HAL_NVIC_SetPriority
                0x08000b30        0x8 CMakeFiles/creatFire.elf.dir/Drivers/STM32F0xx_HAL_Driver/Src/stm32f0xx_hal_cortex.c.obj
                0x08000b30                HAL_NVIC_SetPriority
 .text.HAL_NVIC_EnableIRQ
                0x08000b38       0x18 CMakeFiles/creatFire.elf.dir/Drivers/STM32F0xx_HAL_Driver/Src/stm32f0xx_hal_cortex.c.obj
                0x08000b38                HAL_NVIC_EnableIRQ
 .text.HAL_SYSTICK_Config
                0x08000b50        0x8 CMakeFiles/creatFire.elf.dir/Drivers/STM32F0xx_HAL_Driver/Src/stm32f0xx_hal_cortex.c.obj
                0x08000b50                HAL_SYSTICK_Config
 .text.HAL_DMA_Abort
                0x08000b58       0x44 CMakeFiles/creatFire.elf.dir/Drivers/STM32F0xx_HAL_Driver/Src/stm32f0xx_hal_dma.c.obj
                0x08000b58                HAL_DMA_Abort
 .text.HAL_DMA_Abort_IT
                0x08000b9c       0x4a CMakeFiles/creatFire.elf.dir/Drivers/STM32F0xx_HAL_Driver/Src/stm32f0xx_hal_dma.c.obj
                0x08000b9c                HAL_DMA_Abort_IT
 *fill*         0x08000be6        0x2 
 .text.HAL_GPIO_Init
                0x08000be8      0x188 CMakeFiles/creatFire.elf.dir/Drivers/STM32F0xx_HAL_Driver/Src/stm32f0xx_hal_gpio.c.obj
                0x08000be8                HAL_GPIO_Init
 .text.HAL_GPIO_WritePin
                0x08000d70        0xc CMakeFiles/creatFire.elf.dir/Drivers/STM32F0xx_HAL_Driver/Src/stm32f0xx_hal_gpio.c.obj
                0x08000d70                HAL_GPIO_WritePin
 .text.HAL_RCC_OscConfig
                0x08000d7c      0x49c CMakeFiles/creatFire.elf.dir/Drivers/STM32F0xx_HAL_Driver/Src/stm32f0xx_hal_rcc.c.obj
                0x08000d7c                HAL_RCC_OscConfig
 .text.HAL_RCC_GetSysClockFreq
                0x08001218       0x54 CMakeFiles/creatFire.elf.dir/Drivers/STM32F0xx_HAL_Driver/Src/stm32f0xx_hal_rcc.c.obj
                0x08001218                HAL_RCC_GetSysClockFreq
 .text.HAL_RCC_ClockConfig
                0x0800126c      0x134 CMakeFiles/creatFire.elf.dir/Drivers/STM32F0xx_HAL_Driver/Src/stm32f0xx_hal_rcc.c.obj
                0x0800126c                HAL_RCC_ClockConfig
 .text.HAL_RCC_GetHCLKFreq
                0x080013a0        0xc CMakeFiles/creatFire.elf.dir/Drivers/STM32F0xx_HAL_Driver/Src/stm32f0xx_hal_rcc.c.obj
                0x080013a0                HAL_RCC_GetHCLKFreq
 .text.HAL_RCC_GetPCLK1Freq
                0x080013ac       0x20 CMakeFiles/creatFire.elf.dir/Drivers/STM32F0xx_HAL_Driver/Src/stm32f0xx_hal_rcc.c.obj
                0x080013ac                HAL_RCC_GetPCLK1Freq
 .text.HAL_RCCEx_PeriphCLKConfig
                0x080013cc      0x120 CMakeFiles/creatFire.elf.dir/Drivers/STM32F0xx_HAL_Driver/Src/stm32f0xx_hal_rcc_ex.c.obj
                0x080013cc                HAL_RCCEx_PeriphCLKConfig
 .text.TIM_OC1_SetConfig
                0x080014ec       0x7c CMakeFiles/creatFire.elf.dir/Drivers/STM32F0xx_HAL_Driver/Src/stm32f0xx_hal_tim.c.obj
 .text.TIM_OC3_SetConfig
                0x08001568       0x80 CMakeFiles/creatFire.elf.dir/Drivers/STM32F0xx_HAL_Driver/Src/stm32f0xx_hal_tim.c.obj
 .text.TIM_OC4_SetConfig
                0x080015e8       0x68 CMakeFiles/creatFire.elf.dir/Drivers/STM32F0xx_HAL_Driver/Src/stm32f0xx_hal_tim.c.obj
 .text.TIM_TI1_ConfigInputStage
                0x08001650       0x22 CMakeFiles/creatFire.elf.dir/Drivers/STM32F0xx_HAL_Driver/Src/stm32f0xx_hal_tim.c.obj
 *fill*         0x08001672        0x2 
 .text.TIM_TI2_ConfigInputStage
                0x08001674       0x28 CMakeFiles/creatFire.elf.dir/Drivers/STM32F0xx_HAL_Driver/Src/stm32f0xx_hal_tim.c.obj
 .text.TIM_ITRx_SetConfig
                0x0800169c       0x10 CMakeFiles/creatFire.elf.dir/Drivers/STM32F0xx_HAL_Driver/Src/stm32f0xx_hal_tim.c.obj
 .text.HAL_TIM_PWM_MspInit
                0x080016ac        0x2 CMakeFiles/creatFire.elf.dir/Drivers/STM32F0xx_HAL_Driver/Src/stm32f0xx_hal_tim.c.obj
                0x080016ac                HAL_TIM_PWM_MspInit
 *fill*         0x080016ae        0x2 
 .text.TIM_Base_SetConfig
                0x080016b0       0x90 CMakeFiles/creatFire.elf.dir/Drivers/STM32F0xx_HAL_Driver/Src/stm32f0xx_hal_tim.c.obj
                0x080016b0                TIM_Base_SetConfig
 .text.HAL_TIM_Base_Init
                0x08001740       0x58 CMakeFiles/creatFire.elf.dir/Drivers/STM32F0xx_HAL_Driver/Src/stm32f0xx_hal_tim.c.obj
                0x08001740                HAL_TIM_Base_Init
 .text.HAL_TIM_PWM_Init
                0x08001798       0x58 CMakeFiles/creatFire.elf.dir/Drivers/STM32F0xx_HAL_Driver/Src/stm32f0xx_hal_tim.c.obj
                0x08001798                HAL_TIM_PWM_Init
 .text.TIM_OC2_SetConfig
                0x080017f0       0x78 CMakeFiles/creatFire.elf.dir/Drivers/STM32F0xx_HAL_Driver/Src/stm32f0xx_hal_tim.c.obj
                0x080017f0                TIM_OC2_SetConfig
 .text.HAL_TIM_PWM_ConfigChannel
                0x08001868       0xf0 CMakeFiles/creatFire.elf.dir/Drivers/STM32F0xx_HAL_Driver/Src/stm32f0xx_hal_tim.c.obj
                0x08001868                HAL_TIM_PWM_ConfigChannel
 .text.TIM_ETR_SetConfig
                0x08001958       0x18 CMakeFiles/creatFire.elf.dir/Drivers/STM32F0xx_HAL_Driver/Src/stm32f0xx_hal_tim.c.obj
                0x08001958                TIM_ETR_SetConfig
 .text.HAL_TIM_ConfigClockSource
                0x08001970      0x108 CMakeFiles/creatFire.elf.dir/Drivers/STM32F0xx_HAL_Driver/Src/stm32f0xx_hal_tim.c.obj
                0x08001970                HAL_TIM_ConfigClockSource
 .text.TIM_CCxChannelCmd
                0x08001a78       0x1a CMakeFiles/creatFire.elf.dir/Drivers/STM32F0xx_HAL_Driver/Src/stm32f0xx_hal_tim.c.obj
                0x08001a78                TIM_CCxChannelCmd
 *fill*         0x08001a92        0x2 
 .text.HAL_TIM_PWM_Start
                0x08001a94       0xe4 CMakeFiles/creatFire.elf.dir/Drivers/STM32F0xx_HAL_Driver/Src/stm32f0xx_hal_tim.c.obj
                0x08001a94                HAL_TIM_PWM_Start
 .text.HAL_TIMEx_MasterConfigSynchronization
                0x08001b78       0x5c CMakeFiles/creatFire.elf.dir/Drivers/STM32F0xx_HAL_Driver/Src/stm32f0xx_hal_tim_ex.c.obj
                0x08001b78                HAL_TIMEx_MasterConfigSynchronization
 .text.HAL_TIMEx_ConfigBreakDeadTime
                0x08001bd4       0x6c CMakeFiles/creatFire.elf.dir/Drivers/STM32F0xx_HAL_Driver/Src/stm32f0xx_hal_tim_ex.c.obj
                0x08001bd4                HAL_TIMEx_ConfigBreakDeadTime
 .text.UART_EndRxTransfer
                0x08001c40       0x60 CMakeFiles/creatFire.elf.dir/Drivers/STM32F0xx_HAL_Driver/Src/stm32f0xx_hal_uart.c.obj
 .text.HAL_UART_TxCpltCallback
                0x08001ca0        0x2 CMakeFiles/creatFire.elf.dir/Drivers/STM32F0xx_HAL_Driver/Src/stm32f0xx_hal_uart.c.obj
                0x08001ca0                HAL_UART_TxCpltCallback
 .text.UART_EndTransmit_IT
                0x08001ca2       0x28 CMakeFiles/creatFire.elf.dir/Drivers/STM32F0xx_HAL_Driver/Src/stm32f0xx_hal_uart.c.obj
 .text.HAL_UART_ErrorCallback
                0x08001cca        0x2 CMakeFiles/creatFire.elf.dir/Drivers/STM32F0xx_HAL_Driver/Src/stm32f0xx_hal_uart.c.obj
                0x08001cca                HAL_UART_ErrorCallback
 .text.UART_DMAAbortOnError
                0x08001ccc       0x14 CMakeFiles/creatFire.elf.dir/Drivers/STM32F0xx_HAL_Driver/Src/stm32f0xx_hal_uart.c.obj
 .text.HAL_UARTEx_RxEventCallback
                0x08001ce0        0x2 CMakeFiles/creatFire.elf.dir/Drivers/STM32F0xx_HAL_Driver/Src/stm32f0xx_hal_uart.c.obj
                0x08001ce0                HAL_UARTEx_RxEventCallback
 *fill*         0x08001ce2        0x2 
 .text.HAL_UART_IRQHandler
                0x08001ce4      0x2b8 CMakeFiles/creatFire.elf.dir/Drivers/STM32F0xx_HAL_Driver/Src/stm32f0xx_hal_uart.c.obj
                0x08001ce4                HAL_UART_IRQHandler
 .text.UART_SetConfig
                0x08001f9c      0x150 CMakeFiles/creatFire.elf.dir/Drivers/STM32F0xx_HAL_Driver/Src/stm32f0xx_hal_uart.c.obj
                0x08001f9c                UART_SetConfig
 .text.UART_AdvFeatureConfig
                0x080020ec       0xe0 CMakeFiles/creatFire.elf.dir/Drivers/STM32F0xx_HAL_Driver/Src/stm32f0xx_hal_uart.c.obj
                0x080020ec                UART_AdvFeatureConfig
 .text.UART_WaitOnFlagUntilTimeout
                0x080021cc       0x9e CMakeFiles/creatFire.elf.dir/Drivers/STM32F0xx_HAL_Driver/Src/stm32f0xx_hal_uart.c.obj
                0x080021cc                UART_WaitOnFlagUntilTimeout
 *fill*         0x0800226a        0x2 
 .text.UART_CheckIdleState
                0x0800226c       0xd0 CMakeFiles/creatFire.elf.dir/Drivers/STM32F0xx_HAL_Driver/Src/stm32f0xx_hal_uart.c.obj
                0x0800226c                UART_CheckIdleState
 .text.HAL_UART_Init
                0x0800233c       0x6c CMakeFiles/creatFire.elf.dir/Drivers/STM32F0xx_HAL_Driver/Src/stm32f0xx_hal_uart.c.obj
                0x0800233c                HAL_UART_Init
 .text.memset   0x080023a8       0xa8 C:/stm32_enviroment/arm-gnu-toolchain-13.3.rel1-mingw-w64-i686-arm-none-eabi/bin/../lib/gcc/arm-none-eabi/13.3.1/thumb/v6-m/nofp\libg.a(libc_a-memset.o)
                0x080023a8                memset
 .text.__libc_init_array
                0x08002450       0x48 C:/stm32_enviroment/arm-gnu-toolchain-13.3.rel1-mingw-w64-i686-arm-none-eabi/bin/../lib/gcc/arm-none-eabi/13.3.1/thumb/v6-m/nofp\libg.a(libc_a-init.o)
                0x08002450                __libc_init_array
 .text.__retarget_lock_acquire_recursive
                0x08002498        0x4 C:/stm32_enviroment/arm-gnu-toolchain-13.3.rel1-mingw-w64-i686-arm-none-eabi/bin/../lib/gcc/arm-none-eabi/13.3.1/thumb/v6-m/nofp\libg.a(libc_a-lock.o)
                0x08002498                __retarget_lock_acquire_recursive
 .text.__retarget_lock_release_recursive
                0x0800249c        0x4 C:/stm32_enviroment/arm-gnu-toolchain-13.3.rel1-mingw-w64-i686-arm-none-eabi/bin/../lib/gcc/arm-none-eabi/13.3.1/thumb/v6-m/nofp\libg.a(libc_a-lock.o)
                0x0800249c                __retarget_lock_release_recursive
 .text.startup.register_fini
                0x080024a0       0x18 C:/stm32_enviroment/arm-gnu-toolchain-13.3.rel1-mingw-w64-i686-arm-none-eabi/bin/../lib/gcc/arm-none-eabi/13.3.1/thumb/v6-m/nofp\libg.a(libc_a-__call_atexit.o)
 .text.atexit   0x080024b8       0x10 C:/stm32_enviroment/arm-gnu-toolchain-13.3.rel1-mingw-w64-i686-arm-none-eabi/bin/../lib/gcc/arm-none-eabi/13.3.1/thumb/v6-m/nofp\libg.a(libc_a-atexit.o)
                0x080024b8                atexit
 .text.__libc_fini_array
                0x080024c8       0x28 C:/stm32_enviroment/arm-gnu-toolchain-13.3.rel1-mingw-w64-i686-arm-none-eabi/bin/../lib/gcc/arm-none-eabi/13.3.1/thumb/v6-m/nofp\libg.a(libc_a-fini.o)
                0x080024c8                __libc_fini_array
 .text.__register_exitproc
                0x080024f0       0xa8 C:/stm32_enviroment/arm-gnu-toolchain-13.3.rel1-mingw-w64-i686-arm-none-eabi/bin/../lib/gcc/arm-none-eabi/13.3.1/thumb/v6-m/nofp\libg.a(libc_a-__atexit.o)
                0x080024f0                __register_exitproc
 *(.glue_7)
 .glue_7        0x08002598        0x0 linker stubs
 *(.glue_7t)
 .glue_7t       0x08002598        0x0 linker stubs
 *(.eh_frame)
 .eh_frame      0x08002598        0x0 C:/stm32_enviroment/arm-gnu-toolchain-13.3.rel1-mingw-w64-i686-arm-none-eabi/bin/../lib/gcc/arm-none-eabi/13.3.1/thumb/v6-m/nofp/crtbegin.o
 *(.init)
 .init          0x08002598        0x4 C:/stm32_enviroment/arm-gnu-toolchain-13.3.rel1-mingw-w64-i686-arm-none-eabi/bin/../lib/gcc/arm-none-eabi/13.3.1/thumb/v6-m/nofp/crti.o
                0x08002598                _init
 .init          0x0800259c        0x8 C:/stm32_enviroment/arm-gnu-toolchain-13.3.rel1-mingw-w64-i686-arm-none-eabi/bin/../lib/gcc/arm-none-eabi/13.3.1/thumb/v6-m/nofp/crtn.o
 *(.fini)
 .fini          0x080025a4        0x4 C:/stm32_enviroment/arm-gnu-toolchain-13.3.rel1-mingw-w64-i686-arm-none-eabi/bin/../lib/gcc/arm-none-eabi/13.3.1/thumb/v6-m/nofp/crti.o
                0x080025a4                _fini
 .fini          0x080025a8        0x8 C:/stm32_enviroment/arm-gnu-toolchain-13.3.rel1-mingw-w64-i686-arm-none-eabi/bin/../lib/gcc/arm-none-eabi/13.3.1/thumb/v6-m/nofp/crtn.o
                0x080025b0                        . = ALIGN (0x4)
                0x080025b0                        _etext = .

.vfp11_veneer   0x080025b0        0x0
 .vfp11_veneer  0x080025b0        0x0 linker stubs

.v4_bx          0x080025b0        0x0
 .v4_bx         0x080025b0        0x0 linker stubs

.iplt           0x080025b0        0x0
 .iplt          0x080025b0        0x0 C:/stm32_enviroment/arm-gnu-toolchain-13.3.rel1-mingw-w64-i686-arm-none-eabi/bin/../lib/gcc/arm-none-eabi/13.3.1/thumb/v6-m/nofp/crtbegin.o

.rodata         0x080025b0       0x38
                0x080025b0                        . = ALIGN (0x4)
 *(.rodata)
 *(.rodata*)
 .rodata.APBPrescTable
                0x080025b0        0x8 CMakeFiles/creatFire.elf.dir/Core/Src/system_stm32f0xx.c.obj
                0x080025b0                APBPrescTable
 .rodata.AHBPrescTable
                0x080025b8       0x10 CMakeFiles/creatFire.elf.dir/Core/Src/system_stm32f0xx.c.obj
                0x080025b8                AHBPrescTable
 .rodata.aPredivFactorTable.0
                0x080025c8       0x10 CMakeFiles/creatFire.elf.dir/Drivers/STM32F0xx_HAL_Driver/Src/stm32f0xx_hal_rcc.c.obj
 .rodata.aPLLMULFactorTable.1
                0x080025d8       0x10 CMakeFiles/creatFire.elf.dir/Drivers/STM32F0xx_HAL_Driver/Src/stm32f0xx_hal_rcc.c.obj
                0x080025e8                        . = ALIGN (0x4)

.ARM.extab      0x080025e8        0x0
                0x080025e8                        . = ALIGN (0x4)
 *(.ARM.extab* .gnu.linkonce.armextab.*)
                0x080025e8                        . = ALIGN (0x4)

.ARM            0x080025e8        0x0
                0x080025e8                        . = ALIGN (0x4)
                0x080025e8                        __exidx_start = .
 *(.ARM.exidx*)
                0x080025e8                        __exidx_end = .
                0x080025e8                        . = ALIGN (0x4)

.preinit_array  0x080025e8        0x0
                0x080025e8                        . = ALIGN (0x4)
                0x080025e8                        PROVIDE (__preinit_array_start = .)
 *(.preinit_array*)
                0x080025e8                        PROVIDE (__preinit_array_end = .)
                0x080025e8                        . = ALIGN (0x4)

.init_array     0x080025e8        0x8
                0x080025e8                        . = ALIGN (0x4)
                0x080025e8                        PROVIDE (__init_array_start = .)
 *(SORT_BY_NAME(.init_array.*))
 .init_array.00000
                0x080025e8        0x4 C:/stm32_enviroment/arm-gnu-toolchain-13.3.rel1-mingw-w64-i686-arm-none-eabi/bin/../lib/gcc/arm-none-eabi/13.3.1/thumb/v6-m/nofp\libg.a(libc_a-__call_atexit.o)
 *(.init_array*)
 .init_array    0x080025ec        0x4 C:/stm32_enviroment/arm-gnu-toolchain-13.3.rel1-mingw-w64-i686-arm-none-eabi/bin/../lib/gcc/arm-none-eabi/13.3.1/thumb/v6-m/nofp/crtbegin.o
                0x080025f0                        PROVIDE (__init_array_end = .)
                0x080025f0                        . = ALIGN (0x4)

.fini_array     0x080025f0        0x4
                0x080025f0                        . = ALIGN (0x4)
                0x080025f0                        PROVIDE (__fini_array_start = .)
 *(SORT_BY_NAME(.fini_array.*))
 *(.fini_array*)
 .fini_array    0x080025f0        0x4 C:/stm32_enviroment/arm-gnu-toolchain-13.3.rel1-mingw-w64-i686-arm-none-eabi/bin/../lib/gcc/arm-none-eabi/13.3.1/thumb/v6-m/nofp/crtbegin.o
                0x080025f4                        PROVIDE (__fini_array_end = .)
                0x080025f4                        . = ALIGN (0x4)
                0x080025f4                        _sidata = LOADADDR (.data)

.rel.dyn        0x080025f4        0x0
 .rel.iplt      0x080025f4        0x0 C:/stm32_enviroment/arm-gnu-toolchain-13.3.rel1-mingw-w64-i686-arm-none-eabi/bin/../lib/gcc/arm-none-eabi/13.3.1/thumb/v6-m/nofp/crtbegin.o

.data           0x20000000       0x10 load address 0x080025f4
                0x20000000                        . = ALIGN (0x4)
                0x20000000                        _sdata = .
 *(.data)
 *(.data*)
 .data.SystemCoreClock
                0x20000000        0x4 CMakeFiles/creatFire.elf.dir/Core/Src/system_stm32f0xx.c.obj
                0x20000000                SystemCoreClock
 .data.uwTickFreq
                0x20000004        0x1 CMakeFiles/creatFire.elf.dir/Drivers/STM32F0xx_HAL_Driver/Src/stm32f0xx_hal.c.obj
                0x20000004                uwTickFreq
 *fill*         0x20000005        0x3 
 .data.uwTickPrio
                0x20000008        0x4 CMakeFiles/creatFire.elf.dir/Drivers/STM32F0xx_HAL_Driver/Src/stm32f0xx_hal.c.obj
                0x20000008                uwTickPrio
 .data.__atexit_recursive_mutex
                0x2000000c        0x4 C:/stm32_enviroment/arm-gnu-toolchain-13.3.rel1-mingw-w64-i686-arm-none-eabi/bin/../lib/gcc/arm-none-eabi/13.3.1/thumb/v6-m/nofp\libg.a(libc_a-__call_atexit.o)
                0x2000000c                __atexit_recursive_mutex
 *(.RamFunc)
 *(.RamFunc*)
                0x20000010                        . = ALIGN (0x4)
                0x20000010                        _edata = .

.tm_clone_table
                0x20000010        0x0 load address 0x08002604
 .tm_clone_table
                0x20000010        0x0 C:/stm32_enviroment/arm-gnu-toolchain-13.3.rel1-mingw-w64-i686-arm-none-eabi/bin/../lib/gcc/arm-none-eabi/13.3.1/thumb/v6-m/nofp/crtbegin.o
 .tm_clone_table
                0x20000010        0x0 C:/stm32_enviroment/arm-gnu-toolchain-13.3.rel1-mingw-w64-i686-arm-none-eabi/bin/../lib/gcc/arm-none-eabi/13.3.1/thumb/v6-m/nofp/crtend.o

.igot.plt       0x20000010        0x0 load address 0x08002604
 .igot.plt      0x20000010        0x0 C:/stm32_enviroment/arm-gnu-toolchain-13.3.rel1-mingw-w64-i686-arm-none-eabi/bin/../lib/gcc/arm-none-eabi/13.3.1/thumb/v6-m/nofp/crtbegin.o
                0x20000010                        . = ALIGN (0x4)

.bss            0x20000010      0x2c8 load address 0x08002604
                0x20000010                        _sbss = .
                0x20000010                        __bss_start__ = _sbss
 *(.bss)
 *(.bss*)
 .bss.completed.1
                0x20000010        0x1 C:/stm32_enviroment/arm-gnu-toolchain-13.3.rel1-mingw-w64-i686-arm-none-eabi/bin/../lib/gcc/arm-none-eabi/13.3.1/thumb/v6-m/nofp/crtbegin.o
 *fill*         0x20000011        0x3 
 .bss.object.0  0x20000014       0x18 C:/stm32_enviroment/arm-gnu-toolchain-13.3.rel1-mingw-w64-i686-arm-none-eabi/bin/../lib/gcc/arm-none-eabi/13.3.1/thumb/v6-m/nofp/crtbegin.o
 .bss.hadc      0x2000002c       0x40 CMakeFiles/creatFire.elf.dir/Core/Src/adc.c.obj
                0x2000002c                hadc
 .bss.htim1     0x2000006c       0x48 CMakeFiles/creatFire.elf.dir/Core/Src/tim.c.obj
                0x2000006c                htim1
 .bss.huart1    0x200000b4       0x88 CMakeFiles/creatFire.elf.dir/Core/Src/usart.c.obj
                0x200000b4                huart1
 .bss.uwTick    0x2000013c        0x4 CMakeFiles/creatFire.elf.dir/Drivers/STM32F0xx_HAL_Driver/Src/stm32f0xx_hal.c.obj
                0x2000013c                uwTick
 .bss.__lock___atexit_recursive_mutex
                0x20000140        0x1 C:/stm32_enviroment/arm-gnu-toolchain-13.3.rel1-mingw-w64-i686-arm-none-eabi/bin/../lib/gcc/arm-none-eabi/13.3.1/thumb/v6-m/nofp\libg.a(libc_a-lock.o)
                0x20000140                __lock___atexit_recursive_mutex
 *fill*         0x20000141        0x3 
 .bss.__atexit  0x20000144        0x4 C:/stm32_enviroment/arm-gnu-toolchain-13.3.rel1-mingw-w64-i686-arm-none-eabi/bin/../lib/gcc/arm-none-eabi/13.3.1/thumb/v6-m/nofp\libg.a(libc_a-__call_atexit.o)
                0x20000144                __atexit
 .bss.__atexit0
                0x20000148      0x190 C:/stm32_enviroment/arm-gnu-toolchain-13.3.rel1-mingw-w64-i686-arm-none-eabi/bin/../lib/gcc/arm-none-eabi/13.3.1/thumb/v6-m/nofp\libg.a(libc_a-__atexit.o)
                0x20000148                __atexit0
 *(COMMON)
                0x200002d8                        . = ALIGN (0x4)
                0x200002d8                        _ebss = .
                0x200002d8                        __bss_end__ = _ebss

._user_heap_stack
                0x200002d8      0x600 load address 0x08002604
                0x200002d8                        . = ALIGN (0x8)
                [!provide]                        PROVIDE (end = .)
                0x200002d8                        PROVIDE (_end = .)
                0x200004d8                        . = (. + _Min_Heap_Size)
 *fill*         0x200002d8      0x200 
                0x200008d8                        . = (. + _Min_Stack_Size)
 *fill*         0x200004d8      0x400 
                0x200008d8                        . = ALIGN (0x8)

/DISCARD/
 libc.a(*)
 libm.a(*)
 libgcc.a(*)

.ARM.attributes
                0x00000000       0x28
 *(.ARM.attributes)
 .ARM.attributes
                0x00000000       0x1e C:/stm32_enviroment/arm-gnu-toolchain-13.3.rel1-mingw-w64-i686-arm-none-eabi/bin/../lib/gcc/arm-none-eabi/13.3.1/thumb/v6-m/nofp/crti.o
 .ARM.attributes
                0x0000001e       0x2c C:/stm32_enviroment/arm-gnu-toolchain-13.3.rel1-mingw-w64-i686-arm-none-eabi/bin/../lib/gcc/arm-none-eabi/13.3.1/thumb/v6-m/nofp/crtbegin.o
 .ARM.attributes
                0x0000004a       0x2c CMakeFiles/creatFire.elf.dir/Core/Src/adc.c.obj
 .ARM.attributes
                0x00000076       0x2c CMakeFiles/creatFire.elf.dir/Core/Src/gpio.c.obj
 .ARM.attributes
                0x000000a2       0x2c CMakeFiles/creatFire.elf.dir/Core/Src/main.c.obj
 .ARM.attributes
                0x000000ce       0x2c CMakeFiles/creatFire.elf.dir/Core/Src/stm32f0xx_hal_msp.c.obj
 .ARM.attributes
                0x000000fa       0x2c CMakeFiles/creatFire.elf.dir/Core/Src/stm32f0xx_it.c.obj
 .ARM.attributes
                0x00000126       0x2c CMakeFiles/creatFire.elf.dir/Core/Src/system_stm32f0xx.c.obj
 .ARM.attributes
                0x00000152       0x2c CMakeFiles/creatFire.elf.dir/Core/Src/tim.c.obj
 .ARM.attributes
                0x0000017e       0x2c CMakeFiles/creatFire.elf.dir/Core/Src/usart.c.obj
 .ARM.attributes
                0x000001aa       0x21 CMakeFiles/creatFire.elf.dir/Core/Startup/startup_stm32f030f4px.s.obj
 .ARM.attributes
                0x000001cb       0x2c CMakeFiles/creatFire.elf.dir/Drivers/STM32F0xx_HAL_Driver/Src/stm32f0xx_hal.c.obj
 .ARM.attributes
                0x000001f7       0x2c CMakeFiles/creatFire.elf.dir/Drivers/STM32F0xx_HAL_Driver/Src/stm32f0xx_hal_adc.c.obj
 .ARM.attributes
                0x00000223       0x2c CMakeFiles/creatFire.elf.dir/Drivers/STM32F0xx_HAL_Driver/Src/stm32f0xx_hal_cortex.c.obj
 .ARM.attributes
                0x0000024f       0x2c CMakeFiles/creatFire.elf.dir/Drivers/STM32F0xx_HAL_Driver/Src/stm32f0xx_hal_dma.c.obj
 .ARM.attributes
                0x0000027b       0x2c CMakeFiles/creatFire.elf.dir/Drivers/STM32F0xx_HAL_Driver/Src/stm32f0xx_hal_gpio.c.obj
 .ARM.attributes
                0x000002a7       0x2c CMakeFiles/creatFire.elf.dir/Drivers/STM32F0xx_HAL_Driver/Src/stm32f0xx_hal_rcc.c.obj
 .ARM.attributes
                0x000002d3       0x2c CMakeFiles/creatFire.elf.dir/Drivers/STM32F0xx_HAL_Driver/Src/stm32f0xx_hal_rcc_ex.c.obj
 .ARM.attributes
                0x000002ff       0x2c CMakeFiles/creatFire.elf.dir/Drivers/STM32F0xx_HAL_Driver/Src/stm32f0xx_hal_tim.c.obj
 .ARM.attributes
                0x0000032b       0x2c CMakeFiles/creatFire.elf.dir/Drivers/STM32F0xx_HAL_Driver/Src/stm32f0xx_hal_tim_ex.c.obj
 .ARM.attributes
                0x00000357       0x2c CMakeFiles/creatFire.elf.dir/Drivers/STM32F0xx_HAL_Driver/Src/stm32f0xx_hal_uart.c.obj
 .ARM.attributes
                0x00000383       0x1e C:/stm32_enviroment/arm-gnu-toolchain-13.3.rel1-mingw-w64-i686-arm-none-eabi/bin/../lib/gcc/arm-none-eabi/13.3.1/thumb/v6-m/nofp\libgcc.a(_udivsi3.o)
 .ARM.attributes
                0x000003a1       0x1e C:/stm32_enviroment/arm-gnu-toolchain-13.3.rel1-mingw-w64-i686-arm-none-eabi/bin/../lib/gcc/arm-none-eabi/13.3.1/thumb/v6-m/nofp\libgcc.a(_dvmd_tls.o)
 .ARM.attributes
                0x000003bf       0x2c C:/stm32_enviroment/arm-gnu-toolchain-13.3.rel1-mingw-w64-i686-arm-none-eabi/bin/../lib/gcc/arm-none-eabi/13.3.1/thumb/v6-m/nofp\libg.a(libc_a-memset.o)
 .ARM.attributes
                0x000003eb       0x2c C:/stm32_enviroment/arm-gnu-toolchain-13.3.rel1-mingw-w64-i686-arm-none-eabi/bin/../lib/gcc/arm-none-eabi/13.3.1/thumb/v6-m/nofp\libg.a(libc_a-init.o)
 .ARM.attributes
                0x00000417       0x2c C:/stm32_enviroment/arm-gnu-toolchain-13.3.rel1-mingw-w64-i686-arm-none-eabi/bin/../lib/gcc/arm-none-eabi/13.3.1/thumb/v6-m/nofp\libg.a(libc_a-lock.o)
 .ARM.attributes
                0x00000443       0x2c C:/stm32_enviroment/arm-gnu-toolchain-13.3.rel1-mingw-w64-i686-arm-none-eabi/bin/../lib/gcc/arm-none-eabi/13.3.1/thumb/v6-m/nofp\libg.a(libc_a-__call_atexit.o)
 .ARM.attributes
                0x0000046f       0x2c C:/stm32_enviroment/arm-gnu-toolchain-13.3.rel1-mingw-w64-i686-arm-none-eabi/bin/../lib/gcc/arm-none-eabi/13.3.1/thumb/v6-m/nofp\libg.a(libc_a-atexit.o)
 .ARM.attributes
                0x0000049b       0x2c C:/stm32_enviroment/arm-gnu-toolchain-13.3.rel1-mingw-w64-i686-arm-none-eabi/bin/../lib/gcc/arm-none-eabi/13.3.1/thumb/v6-m/nofp\libg.a(libc_a-fini.o)
 .ARM.attributes
                0x000004c7       0x2c C:/stm32_enviroment/arm-gnu-toolchain-13.3.rel1-mingw-w64-i686-arm-none-eabi/bin/../lib/gcc/arm-none-eabi/13.3.1/thumb/v6-m/nofp\libg.a(libc_a-__atexit.o)
 .ARM.attributes
                0x000004f3       0x2c C:/stm32_enviroment/arm-gnu-toolchain-13.3.rel1-mingw-w64-i686-arm-none-eabi/bin/../lib/gcc/arm-none-eabi/13.3.1/thumb/v6-m/nofp/crtend.o
 .ARM.attributes
                0x0000051f       0x1e C:/stm32_enviroment/arm-gnu-toolchain-13.3.rel1-mingw-w64-i686-arm-none-eabi/bin/../lib/gcc/arm-none-eabi/13.3.1/thumb/v6-m/nofp/crtn.o
OUTPUT(creatFire.elf elf32-littlearm)
LOAD linker stubs
LOAD C:/stm32_enviroment/arm-gnu-toolchain-13.3.rel1-mingw-w64-i686-arm-none-eabi/bin/../lib/gcc/arm-none-eabi/13.3.1/thumb/v6-m/nofp\libc.a
LOAD C:/stm32_enviroment/arm-gnu-toolchain-13.3.rel1-mingw-w64-i686-arm-none-eabi/bin/../lib/gcc/arm-none-eabi/13.3.1/thumb/v6-m/nofp\libm.a
LOAD C:/stm32_enviroment/arm-gnu-toolchain-13.3.rel1-mingw-w64-i686-arm-none-eabi/bin/../lib/gcc/arm-none-eabi/13.3.1/thumb/v6-m/nofp\libgcc.a

.debug_info     0x00000000    0x117a7
 .debug_info    0x00000000      0x944 CMakeFiles/creatFire.elf.dir/Core/Src/adc.c.obj
 .debug_info    0x00000944      0x3a2 CMakeFiles/creatFire.elf.dir/Core/Src/gpio.c.obj
 .debug_info    0x00000ce6      0x9b1 CMakeFiles/creatFire.elf.dir/Core/Src/main.c.obj
 .debug_info    0x00001697      0x195 CMakeFiles/creatFire.elf.dir/Core/Src/stm32f0xx_hal_msp.c.obj
 .debug_info    0x0000182c      0x6c9 CMakeFiles/creatFire.elf.dir/Core/Src/stm32f0xx_it.c.obj
 .debug_info    0x00001ef5      0x264 CMakeFiles/creatFire.elf.dir/Core/Src/system_stm32f0xx.c.obj
 .debug_info    0x00002159      0xd17 CMakeFiles/creatFire.elf.dir/Core/Src/tim.c.obj
 .debug_info    0x00002e70      0xae0 CMakeFiles/creatFire.elf.dir/Core/Src/usart.c.obj
 .debug_info    0x00003950       0x30 CMakeFiles/creatFire.elf.dir/Core/Startup/startup_stm32f030f4px.s.obj
 .debug_info    0x00003980      0x6f5 CMakeFiles/creatFire.elf.dir/Drivers/STM32F0xx_HAL_Driver/Src/stm32f0xx_hal.c.obj
 .debug_info    0x00004075      0xf56 CMakeFiles/creatFire.elf.dir/Drivers/STM32F0xx_HAL_Driver/Src/stm32f0xx_hal_adc.c.obj
 .debug_info    0x00004fcb      0x7bd CMakeFiles/creatFire.elf.dir/Drivers/STM32F0xx_HAL_Driver/Src/stm32f0xx_hal_cortex.c.obj
 .debug_info    0x00005788      0x85a CMakeFiles/creatFire.elf.dir/Drivers/STM32F0xx_HAL_Driver/Src/stm32f0xx_hal_dma.c.obj
 .debug_info    0x00005fe2      0x600 CMakeFiles/creatFire.elf.dir/Drivers/STM32F0xx_HAL_Driver/Src/stm32f0xx_hal_gpio.c.obj
 .debug_info    0x000065e2      0xa3a CMakeFiles/creatFire.elf.dir/Drivers/STM32F0xx_HAL_Driver/Src/stm32f0xx_hal_rcc.c.obj
 .debug_info    0x0000701c      0x3bd CMakeFiles/creatFire.elf.dir/Drivers/STM32F0xx_HAL_Driver/Src/stm32f0xx_hal_rcc_ex.c.obj
 .debug_info    0x000073d9     0x3ba4 CMakeFiles/creatFire.elf.dir/Drivers/STM32F0xx_HAL_Driver/Src/stm32f0xx_hal_tim.c.obj
 .debug_info    0x0000af7d     0x1a01 CMakeFiles/creatFire.elf.dir/Drivers/STM32F0xx_HAL_Driver/Src/stm32f0xx_hal_tim_ex.c.obj
 .debug_info    0x0000c97e     0x4e29 CMakeFiles/creatFire.elf.dir/Drivers/STM32F0xx_HAL_Driver/Src/stm32f0xx_hal_uart.c.obj

.debug_abbrev   0x00000000     0x25af
 .debug_abbrev  0x00000000      0x204 CMakeFiles/creatFire.elf.dir/Core/Src/adc.c.obj
 .debug_abbrev  0x00000204      0x172 CMakeFiles/creatFire.elf.dir/Core/Src/gpio.c.obj
 .debug_abbrev  0x00000376      0x22c CMakeFiles/creatFire.elf.dir/Core/Src/main.c.obj
 .debug_abbrev  0x000005a2       0xc4 CMakeFiles/creatFire.elf.dir/Core/Src/stm32f0xx_hal_msp.c.obj
 .debug_abbrev  0x00000666      0x18e CMakeFiles/creatFire.elf.dir/Core/Src/stm32f0xx_it.c.obj
 .debug_abbrev  0x000007f4      0x136 CMakeFiles/creatFire.elf.dir/Core/Src/system_stm32f0xx.c.obj
 .debug_abbrev  0x0000092a      0x253 CMakeFiles/creatFire.elf.dir/Core/Src/tim.c.obj
 .debug_abbrev  0x00000b7d      0x22b CMakeFiles/creatFire.elf.dir/Core/Src/usart.c.obj
 .debug_abbrev  0x00000da8       0x24 CMakeFiles/creatFire.elf.dir/Core/Startup/startup_stm32f030f4px.s.obj
 .debug_abbrev  0x00000dcc      0x269 CMakeFiles/creatFire.elf.dir/Drivers/STM32F0xx_HAL_Driver/Src/stm32f0xx_hal.c.obj
 .debug_abbrev  0x00001035      0x22f CMakeFiles/creatFire.elf.dir/Drivers/STM32F0xx_HAL_Driver/Src/stm32f0xx_hal_adc.c.obj
 .debug_abbrev  0x00001264      0x2ec CMakeFiles/creatFire.elf.dir/Drivers/STM32F0xx_HAL_Driver/Src/stm32f0xx_hal_cortex.c.obj
 .debug_abbrev  0x00001550      0x1f6 CMakeFiles/creatFire.elf.dir/Drivers/STM32F0xx_HAL_Driver/Src/stm32f0xx_hal_dma.c.obj
 .debug_abbrev  0x00001746      0x1f4 CMakeFiles/creatFire.elf.dir/Drivers/STM32F0xx_HAL_Driver/Src/stm32f0xx_hal_gpio.c.obj
 .debug_abbrev  0x0000193a      0x29c CMakeFiles/creatFire.elf.dir/Drivers/STM32F0xx_HAL_Driver/Src/stm32f0xx_hal_rcc.c.obj
 .debug_abbrev  0x00001bd6      0x1ac CMakeFiles/creatFire.elf.dir/Drivers/STM32F0xx_HAL_Driver/Src/stm32f0xx_hal_rcc_ex.c.obj
 .debug_abbrev  0x00001d82      0x285 CMakeFiles/creatFire.elf.dir/Drivers/STM32F0xx_HAL_Driver/Src/stm32f0xx_hal_tim.c.obj
 .debug_abbrev  0x00002007      0x283 CMakeFiles/creatFire.elf.dir/Drivers/STM32F0xx_HAL_Driver/Src/stm32f0xx_hal_tim_ex.c.obj
 .debug_abbrev  0x0000228a      0x325 CMakeFiles/creatFire.elf.dir/Drivers/STM32F0xx_HAL_Driver/Src/stm32f0xx_hal_uart.c.obj

.debug_loclists
                0x00000000     0x97fa
 .debug_loclists
                0x00000000       0x6b CMakeFiles/creatFire.elf.dir/Core/Src/adc.c.obj
 .debug_loclists
                0x0000006b       0xf5 CMakeFiles/creatFire.elf.dir/Core/Src/system_stm32f0xx.c.obj
 .debug_loclists
                0x00000160       0x37 CMakeFiles/creatFire.elf.dir/Core/Src/tim.c.obj
 .debug_loclists
                0x00000197       0x6b CMakeFiles/creatFire.elf.dir/Core/Src/usart.c.obj
 .debug_loclists
                0x00000202       0xe1 CMakeFiles/creatFire.elf.dir/Drivers/STM32F0xx_HAL_Driver/Src/stm32f0xx_hal.c.obj
 .debug_loclists
                0x000002e3      0x9be CMakeFiles/creatFire.elf.dir/Drivers/STM32F0xx_HAL_Driver/Src/stm32f0xx_hal_adc.c.obj
 .debug_loclists
                0x00000ca1      0x208 CMakeFiles/creatFire.elf.dir/Drivers/STM32F0xx_HAL_Driver/Src/stm32f0xx_hal_cortex.c.obj
 .debug_loclists
                0x00000ea9      0x642 CMakeFiles/creatFire.elf.dir/Drivers/STM32F0xx_HAL_Driver/Src/stm32f0xx_hal_dma.c.obj
 .debug_loclists
                0x000014eb      0x28d CMakeFiles/creatFire.elf.dir/Drivers/STM32F0xx_HAL_Driver/Src/stm32f0xx_hal_gpio.c.obj
 .debug_loclists
                0x00001778      0x423 CMakeFiles/creatFire.elf.dir/Drivers/STM32F0xx_HAL_Driver/Src/stm32f0xx_hal_rcc.c.obj
 .debug_loclists
                0x00001b9b      0x2c7 CMakeFiles/creatFire.elf.dir/Drivers/STM32F0xx_HAL_Driver/Src/stm32f0xx_hal_rcc_ex.c.obj
 .debug_loclists
                0x00001e62     0x3dfa CMakeFiles/creatFire.elf.dir/Drivers/STM32F0xx_HAL_Driver/Src/stm32f0xx_hal_tim.c.obj
 .debug_loclists
                0x00005c5c     0x1863 CMakeFiles/creatFire.elf.dir/Drivers/STM32F0xx_HAL_Driver/Src/stm32f0xx_hal_tim_ex.c.obj
 .debug_loclists
                0x000074bf     0x233b CMakeFiles/creatFire.elf.dir/Drivers/STM32F0xx_HAL_Driver/Src/stm32f0xx_hal_uart.c.obj

.debug_aranges  0x00000000      0xce0
 .debug_aranges
                0x00000000       0x30 CMakeFiles/creatFire.elf.dir/Core/Src/adc.c.obj
 .debug_aranges
                0x00000030       0x20 CMakeFiles/creatFire.elf.dir/Core/Src/gpio.c.obj
 .debug_aranges
                0x00000050       0x30 CMakeFiles/creatFire.elf.dir/Core/Src/main.c.obj
 .debug_aranges
                0x00000080       0x20 CMakeFiles/creatFire.elf.dir/Core/Src/stm32f0xx_hal_msp.c.obj
 .debug_aranges
                0x000000a0       0x48 CMakeFiles/creatFire.elf.dir/Core/Src/stm32f0xx_it.c.obj
 .debug_aranges
                0x000000e8       0x28 CMakeFiles/creatFire.elf.dir/Core/Src/system_stm32f0xx.c.obj
 .debug_aranges
                0x00000110       0x38 CMakeFiles/creatFire.elf.dir/Core/Src/tim.c.obj
 .debug_aranges
                0x00000148       0x30 CMakeFiles/creatFire.elf.dir/Core/Src/usart.c.obj
 .debug_aranges
                0x00000178       0x28 CMakeFiles/creatFire.elf.dir/Core/Startup/startup_stm32f030f4px.s.obj
 .debug_aranges
                0x000001a0       0xd0 CMakeFiles/creatFire.elf.dir/Drivers/STM32F0xx_HAL_Driver/Src/stm32f0xx_hal.c.obj
 .debug_aranges
                0x00000270       0xf8 CMakeFiles/creatFire.elf.dir/Drivers/STM32F0xx_HAL_Driver/Src/stm32f0xx_hal_adc.c.obj
 .debug_aranges
                0x00000368       0x98 CMakeFiles/creatFire.elf.dir/Drivers/STM32F0xx_HAL_Driver/Src/stm32f0xx_hal_cortex.c.obj
 .debug_aranges
                0x00000400       0x88 CMakeFiles/creatFire.elf.dir/Drivers/STM32F0xx_HAL_Driver/Src/stm32f0xx_hal_dma.c.obj
 .debug_aranges
                0x00000488       0x58 CMakeFiles/creatFire.elf.dir/Drivers/STM32F0xx_HAL_Driver/Src/stm32f0xx_hal_gpio.c.obj
 .debug_aranges
                0x000004e0       0x80 CMakeFiles/creatFire.elf.dir/Drivers/STM32F0xx_HAL_Driver/Src/stm32f0xx_hal_rcc.c.obj
 .debug_aranges
                0x00000560       0x30 CMakeFiles/creatFire.elf.dir/Drivers/STM32F0xx_HAL_Driver/Src/stm32f0xx_hal_rcc_ex.c.obj
 .debug_aranges
                0x00000590      0x3d0 CMakeFiles/creatFire.elf.dir/Drivers/STM32F0xx_HAL_Driver/Src/stm32f0xx_hal_tim.c.obj
 .debug_aranges
                0x00000960      0x168 CMakeFiles/creatFire.elf.dir/Drivers/STM32F0xx_HAL_Driver/Src/stm32f0xx_hal_tim_ex.c.obj
 .debug_aranges
                0x00000ac8      0x218 CMakeFiles/creatFire.elf.dir/Drivers/STM32F0xx_HAL_Driver/Src/stm32f0xx_hal_uart.c.obj

.debug_rnglists
                0x00000000      0xa10
 .debug_rnglists
                0x00000000       0x20 CMakeFiles/creatFire.elf.dir/Core/Src/adc.c.obj
 .debug_rnglists
                0x00000020       0x13 CMakeFiles/creatFire.elf.dir/Core/Src/gpio.c.obj
 .debug_rnglists
                0x00000033       0x20 CMakeFiles/creatFire.elf.dir/Core/Src/main.c.obj
 .debug_rnglists
                0x00000053       0x13 CMakeFiles/creatFire.elf.dir/Core/Src/stm32f0xx_hal_msp.c.obj
 .debug_rnglists
                0x00000066       0x31 CMakeFiles/creatFire.elf.dir/Core/Src/stm32f0xx_it.c.obj
 .debug_rnglists
                0x00000097       0x1a CMakeFiles/creatFire.elf.dir/Core/Src/system_stm32f0xx.c.obj
 .debug_rnglists
                0x000000b1       0x26 CMakeFiles/creatFire.elf.dir/Core/Src/tim.c.obj
 .debug_rnglists
                0x000000d7       0x1f CMakeFiles/creatFire.elf.dir/Core/Src/usart.c.obj
 .debug_rnglists
                0x000000f6       0x19 CMakeFiles/creatFire.elf.dir/Core/Startup/startup_stm32f030f4px.s.obj
 .debug_rnglists
                0x0000010f       0x97 CMakeFiles/creatFire.elf.dir/Drivers/STM32F0xx_HAL_Driver/Src/stm32f0xx_hal.c.obj
 .debug_rnglists
                0x000001a6       0xc1 CMakeFiles/creatFire.elf.dir/Drivers/STM32F0xx_HAL_Driver/Src/stm32f0xx_hal_adc.c.obj
 .debug_rnglists
                0x00000267       0x79 CMakeFiles/creatFire.elf.dir/Drivers/STM32F0xx_HAL_Driver/Src/stm32f0xx_hal_cortex.c.obj
 .debug_rnglists
                0x000002e0       0x63 CMakeFiles/creatFire.elf.dir/Drivers/STM32F0xx_HAL_Driver/Src/stm32f0xx_hal_dma.c.obj
 .debug_rnglists
                0x00000343       0x3f CMakeFiles/creatFire.elf.dir/Drivers/STM32F0xx_HAL_Driver/Src/stm32f0xx_hal_gpio.c.obj
 .debug_rnglists
                0x00000382       0x6e CMakeFiles/creatFire.elf.dir/Drivers/STM32F0xx_HAL_Driver/Src/stm32f0xx_hal_rcc.c.obj
 .debug_rnglists
                0x000003f0       0x2f CMakeFiles/creatFire.elf.dir/Drivers/STM32F0xx_HAL_Driver/Src/stm32f0xx_hal_rcc_ex.c.obj
 .debug_rnglists
                0x0000041f      0x303 CMakeFiles/creatFire.elf.dir/Drivers/STM32F0xx_HAL_Driver/Src/stm32f0xx_hal_tim.c.obj
 .debug_rnglists
                0x00000722      0x11a CMakeFiles/creatFire.elf.dir/Drivers/STM32F0xx_HAL_Driver/Src/stm32f0xx_hal_tim_ex.c.obj
 .debug_rnglists
                0x0000083c      0x1d4 CMakeFiles/creatFire.elf.dir/Drivers/STM32F0xx_HAL_Driver/Src/stm32f0xx_hal_uart.c.obj

.debug_line     0x00000000     0xfa7c
 .debug_line    0x00000000      0x3e7 CMakeFiles/creatFire.elf.dir/Core/Src/adc.c.obj
 .debug_line    0x000003e7      0x246 CMakeFiles/creatFire.elf.dir/Core/Src/gpio.c.obj
 .debug_line    0x0000062d      0x408 CMakeFiles/creatFire.elf.dir/Core/Src/main.c.obj
 .debug_line    0x00000a35      0x1c2 CMakeFiles/creatFire.elf.dir/Core/Src/stm32f0xx_hal_msp.c.obj
 .debug_line    0x00000bf7      0x2ba CMakeFiles/creatFire.elf.dir/Core/Src/stm32f0xx_it.c.obj
 .debug_line    0x00000eb1      0x278 CMakeFiles/creatFire.elf.dir/Core/Src/system_stm32f0xx.c.obj
 .debug_line    0x00001129      0x49e CMakeFiles/creatFire.elf.dir/Core/Src/tim.c.obj
 .debug_line    0x000015c7      0x3a3 CMakeFiles/creatFire.elf.dir/Core/Src/usart.c.obj
 .debug_line    0x0000196a       0x7b CMakeFiles/creatFire.elf.dir/Core/Startup/startup_stm32f030f4px.s.obj
 .debug_line    0x000019e5      0x5a9 CMakeFiles/creatFire.elf.dir/Drivers/STM32F0xx_HAL_Driver/Src/stm32f0xx_hal.c.obj
 .debug_line    0x00001f8e     0x1053 CMakeFiles/creatFire.elf.dir/Drivers/STM32F0xx_HAL_Driver/Src/stm32f0xx_hal_adc.c.obj
 .debug_line    0x00002fe1      0x5a0 CMakeFiles/creatFire.elf.dir/Drivers/STM32F0xx_HAL_Driver/Src/stm32f0xx_hal_cortex.c.obj
 .debug_line    0x00003581      0xabc CMakeFiles/creatFire.elf.dir/Drivers/STM32F0xx_HAL_Driver/Src/stm32f0xx_hal_dma.c.obj
 .debug_line    0x0000403d      0x716 CMakeFiles/creatFire.elf.dir/Drivers/STM32F0xx_HAL_Driver/Src/stm32f0xx_hal_gpio.c.obj
 .debug_line    0x00004753      0xc9c CMakeFiles/creatFire.elf.dir/Drivers/STM32F0xx_HAL_Driver/Src/stm32f0xx_hal_rcc.c.obj
 .debug_line    0x000053ef      0x50b CMakeFiles/creatFire.elf.dir/Drivers/STM32F0xx_HAL_Driver/Src/stm32f0xx_hal_rcc_ex.c.obj
 .debug_line    0x000058fa     0x48bd CMakeFiles/creatFire.elf.dir/Drivers/STM32F0xx_HAL_Driver/Src/stm32f0xx_hal_tim.c.obj
 .debug_line    0x0000a1b7     0x1aa8 CMakeFiles/creatFire.elf.dir/Drivers/STM32F0xx_HAL_Driver/Src/stm32f0xx_hal_tim_ex.c.obj
 .debug_line    0x0000bc5f     0x3e1d CMakeFiles/creatFire.elf.dir/Drivers/STM32F0xx_HAL_Driver/Src/stm32f0xx_hal_uart.c.obj

.debug_str      0x00000000     0x3c74
 .debug_str     0x00000000     0x3c74 CMakeFiles/creatFire.elf.dir/Core/Src/adc.c.obj
                                0x700 (size before relaxing)
 .debug_str     0x00003c74      0x2ff CMakeFiles/creatFire.elf.dir/Core/Src/gpio.c.obj
 .debug_str     0x00003c74      0x918 CMakeFiles/creatFire.elf.dir/Core/Src/main.c.obj
 .debug_str     0x00003c74      0x228 CMakeFiles/creatFire.elf.dir/Core/Src/stm32f0xx_hal_msp.c.obj
 .debug_str     0x00003c74      0x679 CMakeFiles/creatFire.elf.dir/Core/Src/stm32f0xx_it.c.obj
 .debug_str     0x00003c74      0x2a0 CMakeFiles/creatFire.elf.dir/Core/Src/system_stm32f0xx.c.obj
 .debug_str     0x00003c74      0xa6e CMakeFiles/creatFire.elf.dir/Core/Src/tim.c.obj
 .debug_str     0x00003c74      0x91b CMakeFiles/creatFire.elf.dir/Core/Src/usart.c.obj
 .debug_str     0x00003c74       0x87 CMakeFiles/creatFire.elf.dir/Core/Startup/startup_stm32f030f4px.s.obj
 .debug_str     0x00003c74      0x6a1 CMakeFiles/creatFire.elf.dir/Drivers/STM32F0xx_HAL_Driver/Src/stm32f0xx_hal.c.obj
 .debug_str     0x00003c74      0x921 CMakeFiles/creatFire.elf.dir/Drivers/STM32F0xx_HAL_Driver/Src/stm32f0xx_hal_adc.c.obj
 .debug_str     0x00003c74      0x5e2 CMakeFiles/creatFire.elf.dir/Drivers/STM32F0xx_HAL_Driver/Src/stm32f0xx_hal_cortex.c.obj
 .debug_str     0x00003c74      0x646 CMakeFiles/creatFire.elf.dir/Drivers/STM32F0xx_HAL_Driver/Src/stm32f0xx_hal_dma.c.obj
 .debug_str     0x00003c74      0x423 CMakeFiles/creatFire.elf.dir/Drivers/STM32F0xx_HAL_Driver/Src/stm32f0xx_hal_gpio.c.obj
 .debug_str     0x00003c74      0x684 CMakeFiles/creatFire.elf.dir/Drivers/STM32F0xx_HAL_Driver/Src/stm32f0xx_hal_rcc.c.obj
 .debug_str     0x00003c74      0x3db CMakeFiles/creatFire.elf.dir/Drivers/STM32F0xx_HAL_Driver/Src/stm32f0xx_hal_rcc_ex.c.obj
 .debug_str     0x00003c74     0x16a8 CMakeFiles/creatFire.elf.dir/Drivers/STM32F0xx_HAL_Driver/Src/stm32f0xx_hal_tim.c.obj
 .debug_str     0x00003c74      0xeb4 CMakeFiles/creatFire.elf.dir/Drivers/STM32F0xx_HAL_Driver/Src/stm32f0xx_hal_tim_ex.c.obj
 .debug_str     0x00003c74      0xec1 CMakeFiles/creatFire.elf.dir/Drivers/STM32F0xx_HAL_Driver/Src/stm32f0xx_hal_uart.c.obj

.comment        0x00000000       0x45
 .comment       0x00000000       0x45 CMakeFiles/creatFire.elf.dir/Core/Src/adc.c.obj
                                 0x46 (size before relaxing)
 .comment       0x00000045       0x46 CMakeFiles/creatFire.elf.dir/Core/Src/gpio.c.obj
 .comment       0x00000045       0x46 CMakeFiles/creatFire.elf.dir/Core/Src/main.c.obj
 .comment       0x00000045       0x46 CMakeFiles/creatFire.elf.dir/Core/Src/stm32f0xx_hal_msp.c.obj
 .comment       0x00000045       0x46 CMakeFiles/creatFire.elf.dir/Core/Src/stm32f0xx_it.c.obj
 .comment       0x00000045       0x46 CMakeFiles/creatFire.elf.dir/Core/Src/system_stm32f0xx.c.obj
 .comment       0x00000045       0x46 CMakeFiles/creatFire.elf.dir/Core/Src/tim.c.obj
 .comment       0x00000045       0x46 CMakeFiles/creatFire.elf.dir/Core/Src/usart.c.obj
 .comment       0x00000045       0x46 CMakeFiles/creatFire.elf.dir/Drivers/STM32F0xx_HAL_Driver/Src/stm32f0xx_hal.c.obj
 .comment       0x00000045       0x46 CMakeFiles/creatFire.elf.dir/Drivers/STM32F0xx_HAL_Driver/Src/stm32f0xx_hal_adc.c.obj
 .comment       0x00000045       0x46 CMakeFiles/creatFire.elf.dir/Drivers/STM32F0xx_HAL_Driver/Src/stm32f0xx_hal_cortex.c.obj
 .comment       0x00000045       0x46 CMakeFiles/creatFire.elf.dir/Drivers/STM32F0xx_HAL_Driver/Src/stm32f0xx_hal_dma.c.obj
 .comment       0x00000045       0x46 CMakeFiles/creatFire.elf.dir/Drivers/STM32F0xx_HAL_Driver/Src/stm32f0xx_hal_gpio.c.obj
 .comment       0x00000045       0x46 CMakeFiles/creatFire.elf.dir/Drivers/STM32F0xx_HAL_Driver/Src/stm32f0xx_hal_rcc.c.obj
 .comment       0x00000045       0x46 CMakeFiles/creatFire.elf.dir/Drivers/STM32F0xx_HAL_Driver/Src/stm32f0xx_hal_rcc_ex.c.obj
 .comment       0x00000045       0x46 CMakeFiles/creatFire.elf.dir/Drivers/STM32F0xx_HAL_Driver/Src/stm32f0xx_hal_tim.c.obj
 .comment       0x00000045       0x46 CMakeFiles/creatFire.elf.dir/Drivers/STM32F0xx_HAL_Driver/Src/stm32f0xx_hal_tim_ex.c.obj
 .comment       0x00000045       0x46 CMakeFiles/creatFire.elf.dir/Drivers/STM32F0xx_HAL_Driver/Src/stm32f0xx_hal_uart.c.obj

.debug_frame    0x00000000     0x22cc
 .debug_frame   0x00000000       0x5c CMakeFiles/creatFire.elf.dir/Core/Src/adc.c.obj
 .debug_frame   0x0000005c       0x2c CMakeFiles/creatFire.elf.dir/Core/Src/gpio.c.obj
 .debug_frame   0x00000088       0x54 CMakeFiles/creatFire.elf.dir/Core/Src/main.c.obj
 .debug_frame   0x000000dc       0x24 CMakeFiles/creatFire.elf.dir/Core/Src/stm32f0xx_hal_msp.c.obj
 .debug_frame   0x00000100       0x80 CMakeFiles/creatFire.elf.dir/Core/Src/stm32f0xx_it.c.obj
 .debug_frame   0x00000180       0x38 CMakeFiles/creatFire.elf.dir/Core/Src/system_stm32f0xx.c.obj
 .debug_frame   0x000001b8       0x68 CMakeFiles/creatFire.elf.dir/Core/Src/tim.c.obj
 .debug_frame   0x00000220       0x5c CMakeFiles/creatFire.elf.dir/Core/Src/usart.c.obj
 .debug_frame   0x0000027c      0x1ac CMakeFiles/creatFire.elf.dir/Drivers/STM32F0xx_HAL_Driver/Src/stm32f0xx_hal.c.obj
 .debug_frame   0x00000428      0x2a4 CMakeFiles/creatFire.elf.dir/Drivers/STM32F0xx_HAL_Driver/Src/stm32f0xx_hal_adc.c.obj
 .debug_frame   0x000006cc      0x144 CMakeFiles/creatFire.elf.dir/Drivers/STM32F0xx_HAL_Driver/Src/stm32f0xx_hal_cortex.c.obj
 .debug_frame   0x00000810      0x168 CMakeFiles/creatFire.elf.dir/Drivers/STM32F0xx_HAL_Driver/Src/stm32f0xx_hal_dma.c.obj
 .debug_frame   0x00000978       0xc0 CMakeFiles/creatFire.elf.dir/Drivers/STM32F0xx_HAL_Driver/Src/stm32f0xx_hal_gpio.c.obj
 .debug_frame   0x00000a38      0x138 CMakeFiles/creatFire.elf.dir/Drivers/STM32F0xx_HAL_Driver/Src/stm32f0xx_hal_rcc.c.obj
 .debug_frame   0x00000b70       0x58 CMakeFiles/creatFire.elf.dir/Drivers/STM32F0xx_HAL_Driver/Src/stm32f0xx_hal_rcc_ex.c.obj
 .debug_frame   0x00000bc8      0xae0 CMakeFiles/creatFire.elf.dir/Drivers/STM32F0xx_HAL_Driver/Src/stm32f0xx_hal_tim.c.obj
 .debug_frame   0x000016a8      0x420 CMakeFiles/creatFire.elf.dir/Drivers/STM32F0xx_HAL_Driver/Src/stm32f0xx_hal_tim_ex.c.obj
 .debug_frame   0x00001ac8      0x5f8 CMakeFiles/creatFire.elf.dir/Drivers/STM32F0xx_HAL_Driver/Src/stm32f0xx_hal_uart.c.obj
 .debug_frame   0x000020c0       0x20 C:/stm32_enviroment/arm-gnu-toolchain-13.3.rel1-mingw-w64-i686-arm-none-eabi/bin/../lib/gcc/arm-none-eabi/13.3.1/thumb/v6-m/nofp\libgcc.a(_udivsi3.o)
 .debug_frame   0x000020e0       0x30 C:/stm32_enviroment/arm-gnu-toolchain-13.3.rel1-mingw-w64-i686-arm-none-eabi/bin/../lib/gcc/arm-none-eabi/13.3.1/thumb/v6-m/nofp\libg.a(libc_a-memset.o)
 .debug_frame   0x00002110       0x2c C:/stm32_enviroment/arm-gnu-toolchain-13.3.rel1-mingw-w64-i686-arm-none-eabi/bin/../lib/gcc/arm-none-eabi/13.3.1/thumb/v6-m/nofp\libg.a(libc_a-init.o)
 .debug_frame   0x0000213c       0xb0 C:/stm32_enviroment/arm-gnu-toolchain-13.3.rel1-mingw-w64-i686-arm-none-eabi/bin/../lib/gcc/arm-none-eabi/13.3.1/thumb/v6-m/nofp\libg.a(libc_a-lock.o)
 .debug_frame   0x000021ec       0x54 C:/stm32_enviroment/arm-gnu-toolchain-13.3.rel1-mingw-w64-i686-arm-none-eabi/bin/../lib/gcc/arm-none-eabi/13.3.1/thumb/v6-m/nofp\libg.a(libc_a-__call_atexit.o)
 .debug_frame   0x00002240       0x28 C:/stm32_enviroment/arm-gnu-toolchain-13.3.rel1-mingw-w64-i686-arm-none-eabi/bin/../lib/gcc/arm-none-eabi/13.3.1/thumb/v6-m/nofp\libg.a(libc_a-atexit.o)
 .debug_frame   0x00002268       0x2c C:/stm32_enviroment/arm-gnu-toolchain-13.3.rel1-mingw-w64-i686-arm-none-eabi/bin/../lib/gcc/arm-none-eabi/13.3.1/thumb/v6-m/nofp\libg.a(libc_a-fini.o)
 .debug_frame   0x00002294       0x38 C:/stm32_enviroment/arm-gnu-toolchain-13.3.rel1-mingw-w64-i686-arm-none-eabi/bin/../lib/gcc/arm-none-eabi/13.3.1/thumb/v6-m/nofp\libg.a(libc_a-__atexit.o)

.debug_line_str
                0x00000000      0x134
 .debug_line_str
                0x00000000      0x134 CMakeFiles/creatFire.elf.dir/Core/Startup/startup_stm32f030f4px.s.obj
                                 0x6b (size before relaxing)
 .debug_line_str
                0x00000134       0xc9 C:/stm32_enviroment/arm-gnu-toolchain-13.3.rel1-mingw-w64-i686-arm-none-eabi/bin/../lib/gcc/arm-none-eabi/13.3.1/thumb/v6-m/nofp\libgcc.a(_udivsi3.o)
 .debug_line_str
                0x00000134       0xc9 C:/stm32_enviroment/arm-gnu-toolchain-13.3.rel1-mingw-w64-i686-arm-none-eabi/bin/../lib/gcc/arm-none-eabi/13.3.1/thumb/v6-m/nofp\libgcc.a(_dvmd_tls.o)
