Archive member included to satisfy reference by file (symbol)

C:/stm32_enviroment/arm-gnu-toolchain-13.3.rel1-mingw-w64-i686-arm-none-eabi/bin/../lib/gcc/arm-none-eabi/13.3.1/thumb/v6-m/nofp\libgcc.a(_udivsi3.o)
                              CMakeFiles/creatFire.elf.dir/Core/Src/system_stm32f0xx.c.obj (__aeabi_uidiv)
C:/stm32_enviroment/arm-gnu-toolchain-13.3.rel1-mingw-w64-i686-arm-none-eabi/bin/../lib/gcc/arm-none-eabi/13.3.1/thumb/v6-m/nofp\libgcc.a(_dvmd_tls.o)
                              C:/stm32_enviroment/arm-gnu-toolchain-13.3.rel1-mingw-w64-i686-arm-none-eabi/bin/../lib/gcc/arm-none-eabi/13.3.1/thumb/v6-m/nofp\libgcc.a(_udivsi3.o) (__aeabi_idiv0)
C:/stm32_enviroment/arm-gnu-toolchain-13.3.rel1-mingw-w64-i686-arm-none-eabi/bin/../lib/gcc/arm-none-eabi/13.3.1/thumb/v6-m/nofp\libg.a(libc_a-exit.o)
                              C:/stm32_enviroment/arm-gnu-toolchain-13.3.rel1-mingw-w64-i686-arm-none-eabi/bin/../lib/gcc/arm-none-eabi/13.3.1/thumb/v6-m/nofp/crt0.o (exit)
C:/stm32_enviroment/arm-gnu-toolchain-13.3.rel1-mingw-w64-i686-arm-none-eabi/bin/../lib/gcc/arm-none-eabi/13.3.1/thumb/v6-m/nofp\libg.a(libc_a-findfp.o)
                              C:/stm32_enviroment/arm-gnu-toolchain-13.3.rel1-mingw-w64-i686-arm-none-eabi/bin/../lib/gcc/arm-none-eabi/13.3.1/thumb/v6-m/nofp\libg.a(libc_a-exit.o) (__stdio_exit_handler)
C:/stm32_enviroment/arm-gnu-toolchain-13.3.rel1-mingw-w64-i686-arm-none-eabi/bin/../lib/gcc/arm-none-eabi/13.3.1/thumb/v6-m/nofp\libg.a(libc_a-fwalk.o)
                              C:/stm32_enviroment/arm-gnu-toolchain-13.3.rel1-mingw-w64-i686-arm-none-eabi/bin/../lib/gcc/arm-none-eabi/13.3.1/thumb/v6-m/nofp\libg.a(libc_a-findfp.o) (_fwalk_sglue)
C:/stm32_enviroment/arm-gnu-toolchain-13.3.rel1-mingw-w64-i686-arm-none-eabi/bin/../lib/gcc/arm-none-eabi/13.3.1/thumb/v6-m/nofp\libg.a(libc_a-stdio.o)
                              C:/stm32_enviroment/arm-gnu-toolchain-13.3.rel1-mingw-w64-i686-arm-none-eabi/bin/../lib/gcc/arm-none-eabi/13.3.1/thumb/v6-m/nofp\libg.a(libc_a-findfp.o) (__sread)
C:/stm32_enviroment/arm-gnu-toolchain-13.3.rel1-mingw-w64-i686-arm-none-eabi/bin/../lib/gcc/arm-none-eabi/13.3.1/thumb/v6-m/nofp\libg.a(libc_a-memset.o)
                              C:/stm32_enviroment/arm-gnu-toolchain-13.3.rel1-mingw-w64-i686-arm-none-eabi/bin/../lib/gcc/arm-none-eabi/13.3.1/thumb/v6-m/nofp/crt0.o (memset)
C:/stm32_enviroment/arm-gnu-toolchain-13.3.rel1-mingw-w64-i686-arm-none-eabi/bin/../lib/gcc/arm-none-eabi/13.3.1/thumb/v6-m/nofp\libg.a(libc_a-closer.o)
                              C:/stm32_enviroment/arm-gnu-toolchain-13.3.rel1-mingw-w64-i686-arm-none-eabi/bin/../lib/gcc/arm-none-eabi/13.3.1/thumb/v6-m/nofp\libg.a(libc_a-stdio.o) (_close_r)
C:/stm32_enviroment/arm-gnu-toolchain-13.3.rel1-mingw-w64-i686-arm-none-eabi/bin/../lib/gcc/arm-none-eabi/13.3.1/thumb/v6-m/nofp\libg.a(libc_a-reent.o)
                              C:/stm32_enviroment/arm-gnu-toolchain-13.3.rel1-mingw-w64-i686-arm-none-eabi/bin/../lib/gcc/arm-none-eabi/13.3.1/thumb/v6-m/nofp\libg.a(libc_a-closer.o) (errno)
C:/stm32_enviroment/arm-gnu-toolchain-13.3.rel1-mingw-w64-i686-arm-none-eabi/bin/../lib/gcc/arm-none-eabi/13.3.1/thumb/v6-m/nofp\libg.a(libc_a-impure.o)
                              C:/stm32_enviroment/arm-gnu-toolchain-13.3.rel1-mingw-w64-i686-arm-none-eabi/bin/../lib/gcc/arm-none-eabi/13.3.1/thumb/v6-m/nofp\libg.a(libc_a-reent.o) (_impure_ptr)
C:/stm32_enviroment/arm-gnu-toolchain-13.3.rel1-mingw-w64-i686-arm-none-eabi/bin/../lib/gcc/arm-none-eabi/13.3.1/thumb/v6-m/nofp\libg.a(libc_a-lseekr.o)
                              C:/stm32_enviroment/arm-gnu-toolchain-13.3.rel1-mingw-w64-i686-arm-none-eabi/bin/../lib/gcc/arm-none-eabi/13.3.1/thumb/v6-m/nofp\libg.a(libc_a-stdio.o) (_lseek_r)
C:/stm32_enviroment/arm-gnu-toolchain-13.3.rel1-mingw-w64-i686-arm-none-eabi/bin/../lib/gcc/arm-none-eabi/13.3.1/thumb/v6-m/nofp\libg.a(libc_a-readr.o)
                              C:/stm32_enviroment/arm-gnu-toolchain-13.3.rel1-mingw-w64-i686-arm-none-eabi/bin/../lib/gcc/arm-none-eabi/13.3.1/thumb/v6-m/nofp\libg.a(libc_a-stdio.o) (_read_r)
C:/stm32_enviroment/arm-gnu-toolchain-13.3.rel1-mingw-w64-i686-arm-none-eabi/bin/../lib/gcc/arm-none-eabi/13.3.1/thumb/v6-m/nofp\libg.a(libc_a-writer.o)
                              C:/stm32_enviroment/arm-gnu-toolchain-13.3.rel1-mingw-w64-i686-arm-none-eabi/bin/../lib/gcc/arm-none-eabi/13.3.1/thumb/v6-m/nofp\libg.a(libc_a-stdio.o) (_write_r)
C:/stm32_enviroment/arm-gnu-toolchain-13.3.rel1-mingw-w64-i686-arm-none-eabi/bin/../lib/gcc/arm-none-eabi/13.3.1/thumb/v6-m/nofp\libg.a(libc_a-errno.o)
                              CMakeFiles/creatFire.elf.dir/Core/Src/syscalls.c.obj (__errno)
C:/stm32_enviroment/arm-gnu-toolchain-13.3.rel1-mingw-w64-i686-arm-none-eabi/bin/../lib/gcc/arm-none-eabi/13.3.1/thumb/v6-m/nofp\libg.a(libc_a-init.o)
[...]
Memory Configuration

Name             Origin             Length             Attributes
RAM              0x20000000         0x00001000         xrw
FLASH            0x08000000         0x00004000         xr
*default*        0x00000000         0xffffffff

Linker script and memory map

LOAD C:/stm32_enviroment/arm-gnu-toolchain-13.3.rel1-mingw-w64-i686-arm-none-eabi/bin/../lib/gcc/arm-none-eabi/13.3.1/thumb/v6-m/nofp/crti.o
LOAD C:/stm32_enviroment/arm-gnu-toolchain-13.3.rel1-mingw-w64-i686-arm-none-eabi/bin/../lib/gcc/arm-none-eabi/13.3.1/thumb/v6-m/nofp/crtbegin.o
LOAD C:/stm32_enviroment/arm-gnu-toolchain-13.3.rel1-mingw-w64-i686-arm-none-eabi/bin/../lib/gcc/arm-none-eabi/13.3.1/thumb/v6-m/nofp/crt0.o
LOAD CMakeFiles/creatFire.elf.dir/Bsp/Src/Bsp_fire.c.obj
LOAD CMakeFiles/creatFire.elf.dir/Bsp/Src/Bsp_usart.c.obj
LOAD CMakeFiles/creatFire.elf.dir/Core/Src/adc.c.obj
LOAD CMakeFiles/creatFire.elf.dir/Core/Src/gpio.c.obj
LOAD CMakeFiles/creatFire.elf.dir/Core/Src/main.c.obj
LOAD CMakeFiles/creatFire.elf.dir/Core/Src/stm32f0xx_hal_msp.c.obj
LOAD CMakeFiles/creatFire.elf.dir/Core/Src/stm32f0xx_it.c.obj
LOAD CMakeFiles/creatFire.elf.dir/Core/Src/syscalls.c.obj
LOAD CMakeFiles/creatFire.elf.dir/Core/Src/sysmem.c.obj
LOAD CMakeFiles/creatFire.elf.dir/Core/Src/system_stm32f0xx.c.obj
LOAD CMakeFiles/creatFire.elf.dir/Core/Src/tim.c.obj
LOAD CMakeFiles/creatFire.elf.dir/Core/Src/usart.c.obj
LOAD CMakeFiles/creatFire.elf.dir/Core/Startup/startup_stm32f030f4px.s.obj
LOAD CMakeFiles/creatFire.elf.dir/Drivers/STM32F0xx_HAL_Driver/Src/stm32f0xx_hal.c.obj
LOAD CMakeFiles/creatFire.elf.dir/Drivers/STM32F0xx_HAL_Driver/Src/stm32f0xx_hal_adc.c.obj
LOAD CMakeFiles/creatFire.elf.dir/Drivers/STM32F0xx_HAL_Driver/Src/stm32f0xx_hal_adc_ex.c.obj
LOAD CMakeFiles/creatFire.elf.dir/Drivers/STM32F0xx_HAL_Driver/Src/stm32f0xx_hal_cortex.c.obj
LOAD CMakeFiles/creatFire.elf.dir/Drivers/STM32F0xx_HAL_Driver/Src/stm32f0xx_hal_dma.c.obj
LOAD CMakeFiles/creatFire.elf.dir/Drivers/STM32F0xx_HAL_Driver/Src/stm32f0xx_hal_exti.c.obj
LOAD CMakeFiles/creatFire.elf.dir/Drivers/STM32F0xx_HAL_Driver/Src/stm32f0xx_hal_flash.c.obj
LOAD CMakeFiles/creatFire.elf.dir/Drivers/STM32F0xx_HAL_Driver/Src/stm32f0xx_hal_flash_ex.c.obj
LOAD CMakeFiles/creatFire.elf.dir/Drivers/STM32F0xx_HAL_Driver/Src/stm32f0xx_hal_gpio.c.obj
LOAD CMakeFiles/creatFire.elf.dir/Drivers/STM32F0xx_HAL_Driver/Src/stm32f0xx_hal_i2c.c.obj
LOAD CMakeFiles/creatFire.elf.dir/Drivers/STM32F0xx_HAL_Driver/Src/stm32f0xx_hal_i2c_ex.c.obj
LOAD CMakeFiles/creatFire.elf.dir/Drivers/STM32F0xx_HAL_Driver/Src/stm32f0xx_hal_pwr.c.obj
LOAD CMakeFiles/creatFire.elf.dir/Drivers/STM32F0xx_HAL_Driver/Src/stm32f0xx_hal_pwr_ex.c.obj
LOAD CMakeFiles/creatFire.elf.dir/Drivers/STM32F0xx_HAL_Driver/Src/stm32f0xx_hal_rcc.c.obj
LOAD CMakeFiles/creatFire.elf.dir/Drivers/STM32F0xx_HAL_Driver/Src/stm32f0xx_hal_rcc_ex.c.obj
LOAD CMakeFiles/creatFire.elf.dir/Drivers/STM32F0xx_HAL_Driver/Src/stm32f0xx_hal_tim.c.obj
LOAD CMakeFiles/creatFire.elf.dir/Drivers/STM32F0xx_HAL_Driver/Src/stm32f0xx_hal_tim_ex.c.obj
LOAD CMakeFiles/creatFire.elf.dir/Drivers/STM32F0xx_HAL_Driver/Src/stm32f0xx_hal_uart.c.obj
LOAD CMakeFiles/creatFire.elf.dir/Drivers/STM32F0xx_HAL_Driver/Src/stm32f0xx_hal_uart_ex.c.obj
START GROUP
LOAD C:/stm32_enviroment/arm-gnu-toolchain-13.3.rel1-mingw-w64-i686-arm-none-eabi/bin/../lib/gcc/arm-none-eabi/13.3.1/thumb/v6-m/nofp\libgcc.a
LOAD C:/stm32_enviroment/arm-gnu-toolchain-13.3.rel1-mingw-w64-i686-arm-none-eabi/bin/../lib/gcc/arm-none-eabi/13.3.1/thumb/v6-m/nofp\libg.a
LOAD C:/stm32_enviroment/arm-gnu-toolchain-13.3.rel1-mingw-w64-i686-arm-none-eabi/bin/../lib/gcc/arm-none-eabi/13.3.1/thumb/v6-m/nofp\libc.a
END GROUP
LOAD C:/stm32_enviroment/arm-gnu-toolchain-13.3.rel1-mingw-w64-i686-arm-none-eabi/bin/../lib/gcc/arm-none-eabi/13.3.1/thumb/v6-m/nofp/crtend.o
LOAD C:/stm32_enviroment/arm-gnu-toolchain-13.3.rel1-mingw-w64-i686-arm-none-eabi/bin/../lib/gcc/arm-none-eabi/13.3.1/thumb/v6-m/nofp/crtn.o
                0x20001000                        _estack = (ORIGIN (RAM) + LENGTH (RAM))
                0x00000200                        _Min_Heap_Size = 0x200
                0x00000400                        _Min_Stack_Size = 0x400

.isr_vector     0x08000000       0xc0
                0x08000000                        . = ALIGN (0x4)
 *(.isr_vector)
 .isr_vector    0x08000000       0xc0 CMakeFiles/creatFire.elf.dir/Core/Startup/startup_stm32f030f4px.s.obj
                0x08000000                g_pfnVectors
                0x080000c0                        . = ALIGN (0x4)

.text           0x080000c0     0x297c
                0x080000c0                        . = ALIGN (0x4)
 *(.text)
 .text          0x080000c0      0x114 C:/stm32_enviroment/arm-gnu-toolchain-13.3.rel1-mingw-w64-i686-arm-none-eabi/bin/../lib/gcc/arm-none-eabi/13.3.1/thumb/v6-m/nofp\libgcc.a(_udivsi3.o)
                0x080000c0                __aeabi_uidiv
                0x080000c0                __udivsi3
                0x080001cc                __aeabi_uidivmod
 .text          0x080001d4        0x4 C:/stm32_enviroment/arm-gnu-toolchain-13.3.rel1-mingw-w64-i686-arm-none-eabi/bin/../lib/gcc/arm-none-eabi/13.3.1/thumb/v6-m/nofp\libgcc.a(_dvmd_tls.o)
                0x080001d4                __aeabi_idiv0
                0x080001d4                __aeabi_ldiv0
 *(.text*)
 .text.deregister_tm_clones
                0x080001d8       0x20 C:/stm32_enviroment/arm-gnu-toolchain-13.3.rel1-mingw-w64-i686-arm-none-eabi/bin/../lib/gcc/arm-none-eabi/13.3.1/thumb/v6-m/nofp/crtbegin.o
 .text.register_tm_clones
                0x080001f8       0x28 C:/stm32_enviroment/arm-gnu-toolchain-13.3.rel1-mingw-w64-i686-arm-none-eabi/bin/../lib/gcc/arm-none-eabi/13.3.1/thumb/v6-m/nofp/crtbegin.o
 .text.__do_global_dtors_aux
                0x08000220       0x2c C:/stm32_enviroment/arm-gnu-toolchain-13.3.rel1-mingw-w64-i686-arm-none-eabi/bin/../lib/gcc/arm-none-eabi/13.3.1/thumb/v6-m/nofp/crtbegin.o
 .text.frame_dummy
                0x0800024c       0x24 C:/stm32_enviroment/arm-gnu-toolchain-13.3.rel1-mingw-w64-i686-arm-none-eabi/bin/../lib/gcc/arm-none-eabi/13.3.1/thumb/v6-m/nofp/crtbegin.o
 .text.Bsp_fire_ON
                0x08000270        0xc CMakeFiles/creatFire.elf.dir/Bsp/Src/Bsp_fire.c.obj
                0x08000270                Bsp_fire_ON
 .text.Bsp_fire_OFF
                0x0800027c       0x10 CMakeFiles/creatFire.elf.dir/Bsp/Src/Bsp_fire.c.obj
                0x0800027c                Bsp_fire_OFF
 .text.HAL_UART_RxCpltCallback
                0x0800028c       0x80 CMakeFiles/creatFire.elf.dir/Bsp/Src/Bsp_usart.c.obj
                0x0800028c                HAL_UART_RxCpltCallback
 .text.MX_ADC_Init
                0x0800030c       0x90 CMakeFiles/creatFire.elf.dir/Core/Src/adc.c.obj
                0x0800030c                MX_ADC_Init
 .text.HAL_ADC_MspInit
                0x0800039c       0x5c CMakeFiles/creatFire.elf.dir/Core/Src/adc.c.obj
                0x0800039c                HAL_ADC_MspInit
 .text.MX_GPIO_Init
                0x080003f8       0x74 CMakeFiles/creatFire.elf.dir/Core/Src/gpio.c.obj
                0x080003f8                MX_GPIO_Init
 .text.Error_Handler
                0x0800046c        0x4 CMakeFiles/creatFire.elf.dir/Core/Src/main.c.obj
                0x0800046c                Error_Handler
 .text.SystemClock_Config
                0x08000470       0x82 CMakeFiles/creatFire.elf.dir/Core/Src/main.c.obj
                0x08000470                SystemClock_Config
 *fill*         0x080004f2        0x2 
 .text.main     0x080004f4       0x48 CMakeFiles/creatFire.elf.dir/Core/Src/main.c.obj
                0x080004f4                main
 .text.HAL_MspInit
                0x0800053c       0x30 CMakeFiles/creatFire.elf.dir/Core/Src/stm32f0xx_hal_msp.c.obj
                0x0800053c                HAL_MspInit
 .text.NMI_Handler
                0x0800056c        0x2 CMakeFiles/creatFire.elf.dir/Core/Src/stm32f0xx_it.c.obj
                0x0800056c                NMI_Handler
 .text.HardFault_Handler
                0x0800056e        0x2 CMakeFiles/creatFire.elf.dir/Core/Src/stm32f0xx_it.c.obj
                0x0800056e                HardFault_Handler
 .text.SVC_Handler
                0x08000570        0x2 CMakeFiles/creatFire.elf.dir/Core/Src/stm32f0xx_it.c.obj
                0x08000570                SVC_Handler
 .text.PendSV_Handler
                0x08000572        0x2 CMakeFiles/creatFire.elf.dir/Core/Src/stm32f0xx_it.c.obj
                0x08000572                PendSV_Handler
 .text.SysTick_Handler
                0x08000574        0x8 CMakeFiles/creatFire.elf.dir/Core/Src/stm32f0xx_it.c.obj
                0x08000574                SysTick_Handler
 .text.USART1_IRQHandler
                0x0800057c       0x10 CMakeFiles/creatFire.elf.dir/Core/Src/stm32f0xx_it.c.obj
                0x0800057c                USART1_IRQHandler
 .text.SystemInit
                0x0800058c        0x2 CMakeFiles/creatFire.elf.dir/Core/Src/system_stm32f0xx.c.obj
                0x0800058c                SystemInit
 *fill*         0x0800058e        0x2 
 .text.HAL_TIM_Base_MspInit
                0x08000590       0x2c CMakeFiles/creatFire.elf.dir/Core/Src/tim.c.obj
                0x08000590                HAL_TIM_Base_MspInit
 .text.HAL_TIM_MspPostInit
                0x080005bc       0x54 CMakeFiles/creatFire.elf.dir/Core/Src/tim.c.obj
                0x080005bc                HAL_TIM_MspPostInit
 .text.MX_TIM1_Init
                0x08000610       0xf4 CMakeFiles/creatFire.elf.dir/Core/Src/tim.c.obj
                0x08000610                MX_TIM1_Init
 .text.MX_USART1_UART_Init
                0x08000704       0x3c CMakeFiles/creatFire.elf.dir/Core/Src/usart.c.obj
                0x08000704                MX_USART1_UART_Init
 .text.HAL_UART_MspInit
                0x08000740       0x78 CMakeFiles/creatFire.elf.dir/Core/Src/usart.c.obj
                0x08000740                HAL_UART_MspInit
 .text.Reset_Handler
                0x080007b8       0x50 CMakeFiles/creatFire.elf.dir/Core/Startup/startup_stm32f030f4px.s.obj
                0x080007b8                Reset_Handler
 .text.Default_Handler
                0x08000808        0x2 CMakeFiles/creatFire.elf.dir/Core/Startup/startup_stm32f030f4px.s.obj
                0x08000808                TIM1_CC_IRQHandler
                0x08000808                I2C1_IRQHandler
                0x08000808                SPI1_IRQHandler
                0x08000808                EXTI2_3_IRQHandler
                0x08000808                ADC1_IRQHandler
                0x08000808                TIM17_IRQHandler
                0x08000808                RTC_IRQHandler
                0x08000808                TIM16_IRQHandler
                0x08000808                TIM3_IRQHandler
                0x08000808                EXTI4_15_IRQHandler
                0x08000808                RCC_IRQHandler
                0x08000808                DMA1_Channel1_IRQHandler
                0x08000808                Default_Handler
                0x08000808                TIM14_IRQHandler
                0x08000808                DMA1_Channel4_5_IRQHandler
                0x08000808                EXTI0_1_IRQHandler
                0x08000808                WWDG_IRQHandler
                0x08000808                DMA1_Channel2_3_IRQHandler
                0x08000808                FLASH_IRQHandler
                0x08000808                TIM1_BRK_UP_TRG_COM_IRQHandler
 *fill*         0x0800080a        0x2 
 .text.HAL_InitTick
                0x0800080c       0x50 CMakeFiles/creatFire.elf.dir/Drivers/STM32F0xx_HAL_Driver/Src/stm32f0xx_hal.c.obj
                0x0800080c                HAL_InitTick
 .text.HAL_Init
                0x0800085c       0x20 CMakeFiles/creatFire.elf.dir/Drivers/STM32F0xx_HAL_Driver/Src/stm32f0xx_hal.c.obj
                0x0800085c                HAL_Init
 .text.HAL_IncTick
                0x0800087c       0x18 CMakeFiles/creatFire.elf.dir/Drivers/STM32F0xx_HAL_Driver/Src/stm32f0xx_hal.c.obj
                0x0800087c                HAL_IncTick
 .text.HAL_GetTick
                0x08000894        0xc CMakeFiles/creatFire.elf.dir/Drivers/STM32F0xx_HAL_Driver/Src/stm32f0xx_hal.c.obj
                0x08000894                HAL_GetTick
 .text.HAL_ADC_Init
                0x080008a0      0x184 CMakeFiles/creatFire.elf.dir/Drivers/STM32F0xx_HAL_Driver/Src/stm32f0xx_hal_adc.c.obj
                0x080008a0                HAL_ADC_Init
 .text.HAL_ADC_ConfigChannel
                0x08000a24      0x124 CMakeFiles/creatFire.elf.dir/Drivers/STM32F0xx_HAL_Driver/Src/stm32f0xx_hal_adc.c.obj
                0x08000a24                HAL_ADC_ConfigChannel
 .text.__NVIC_SetPriority
                0x08000b48       0x60 CMakeFiles/creatFire.elf.dir/Drivers/STM32F0xx_HAL_Driver/Src/stm32f0xx_hal_cortex.c.obj
 .text.SysTick_Config
                0x08000ba8       0x38 CMakeFiles/creatFire.elf.dir/Drivers/STM32F0xx_HAL_Driver/Src/stm32f0xx_hal_cortex.c.obj
 .text.HAL_NVIC_SetPriority
                0x08000be0        0x8 CMakeFiles/creatFire.elf.dir/Drivers/STM32F0xx_HAL_Driver/Src/stm32f0xx_hal_cortex.c.obj
                0x08000be0                HAL_NVIC_SetPriority
 .text.HAL_NVIC_EnableIRQ
                0x08000be8       0x18 CMakeFiles/creatFire.elf.dir/Drivers/STM32F0xx_HAL_Driver/Src/stm32f0xx_hal_cortex.c.obj
                0x08000be8                HAL_NVIC_EnableIRQ
 .text.HAL_SYSTICK_Config
                0x08000c00        0x8 CMakeFiles/creatFire.elf.dir/Drivers/STM32F0xx_HAL_Driver/Src/stm32f0xx_hal_cortex.c.obj
                0x08000c00                HAL_SYSTICK_Config
 .text.HAL_DMA_Abort
                0x08000c08       0x44 CMakeFiles/creatFire.elf.dir/Drivers/STM32F0xx_HAL_Driver/Src/stm32f0xx_hal_dma.c.obj
                0x08000c08                HAL_DMA_Abort
 .text.HAL_DMA_Abort_IT
                0x08000c4c       0x4a CMakeFiles/creatFire.elf.dir/Drivers/STM32F0xx_HAL_Driver/Src/stm32f0xx_hal_dma.c.obj
                0x08000c4c                HAL_DMA_Abort_IT
 *fill*         0x08000c96        0x2 
 .text.HAL_GPIO_Init
                0x08000c98      0x188 CMakeFiles/creatFire.elf.dir/Drivers/STM32F0xx_HAL_Driver/Src/stm32f0xx_hal_gpio.c.obj
                0x08000c98                HAL_GPIO_Init
 .text.HAL_GPIO_WritePin
                0x08000e20        0xc CMakeFiles/creatFire.elf.dir/Drivers/STM32F0xx_HAL_Driver/Src/stm32f0xx_hal_gpio.c.obj
                0x08000e20                HAL_GPIO_WritePin
 .text.HAL_RCC_OscConfig
                0x08000e2c      0x49c CMakeFiles/creatFire.elf.dir/Drivers/STM32F0xx_HAL_Driver/Src/stm32f0xx_hal_rcc.c.obj
                0x08000e2c                HAL_RCC_OscConfig
 .text.HAL_RCC_GetSysClockFreq
                0x080012c8       0x54 CMakeFiles/creatFire.elf.dir/Drivers/STM32F0xx_HAL_Driver/Src/stm32f0xx_hal_rcc.c.obj
                0x080012c8                HAL_RCC_GetSysClockFreq
 .text.HAL_RCC_ClockConfig
                0x0800131c      0x134 CMakeFiles/creatFire.elf.dir/Drivers/STM32F0xx_HAL_Driver/Src/stm32f0xx_hal_rcc.c.obj
                0x0800131c                HAL_RCC_ClockConfig
 .text.HAL_RCC_GetHCLKFreq
                0x08001450        0xc CMakeFiles/creatFire.elf.dir/Drivers/STM32F0xx_HAL_Driver/Src/stm32f0xx_hal_rcc.c.obj
                0x08001450                HAL_RCC_GetHCLKFreq
 .text.HAL_RCC_GetPCLK1Freq
                0x0800145c       0x20 CMakeFiles/creatFire.elf.dir/Drivers/STM32F0xx_HAL_Driver/Src/stm32f0xx_hal_rcc.c.obj
                0x0800145c                HAL_RCC_GetPCLK1Freq
 .text.HAL_RCCEx_PeriphCLKConfig
                0x0800147c      0x120 CMakeFiles/creatFire.elf.dir/Drivers/STM32F0xx_HAL_Driver/Src/stm32f0xx_hal_rcc_ex.c.obj
                0x0800147c                HAL_RCCEx_PeriphCLKConfig
 .text.TIM_OC1_SetConfig
                0x0800159c       0x7c CMakeFiles/creatFire.elf.dir/Drivers/STM32F0xx_HAL_Driver/Src/stm32f0xx_hal_tim.c.obj
 .text.TIM_OC3_SetConfig
                0x08001618       0x80 CMakeFiles/creatFire.elf.dir/Drivers/STM32F0xx_HAL_Driver/Src/stm32f0xx_hal_tim.c.obj
 .text.TIM_OC4_SetConfig
                0x08001698       0x68 CMakeFiles/creatFire.elf.dir/Drivers/STM32F0xx_HAL_Driver/Src/stm32f0xx_hal_tim.c.obj
 .text.TIM_TI1_ConfigInputStage
                0x08001700       0x22 CMakeFiles/creatFire.elf.dir/Drivers/STM32F0xx_HAL_Driver/Src/stm32f0xx_hal_tim.c.obj
 *fill*         0x08001722        0x2 
 .text.TIM_TI2_ConfigInputStage
                0x08001724       0x28 CMakeFiles/creatFire.elf.dir/Drivers/STM32F0xx_HAL_Driver/Src/stm32f0xx_hal_tim.c.obj
 .text.TIM_ITRx_SetConfig
                0x0800174c       0x10 CMakeFiles/creatFire.elf.dir/Drivers/STM32F0xx_HAL_Driver/Src/stm32f0xx_hal_tim.c.obj
 .text.HAL_TIM_PWM_MspInit
                0x0800175c        0x2 CMakeFiles/creatFire.elf.dir/Drivers/STM32F0xx_HAL_Driver/Src/stm32f0xx_hal_tim.c.obj
                0x0800175c                HAL_TIM_PWM_MspInit
 *fill*         0x0800175e        0x2 
 .text.TIM_Base_SetConfig
                0x08001760       0x90 CMakeFiles/creatFire.elf.dir/Drivers/STM32F0xx_HAL_Driver/Src/stm32f0xx_hal_tim.c.obj
                0x08001760                TIM_Base_SetConfig
 .text.HAL_TIM_Base_Init
                0x080017f0       0x58 CMakeFiles/creatFire.elf.dir/Drivers/STM32F0xx_HAL_Driver/Src/stm32f0xx_hal_tim.c.obj
                0x080017f0                HAL_TIM_Base_Init
 .text.HAL_TIM_PWM_Init
                0x08001848       0x58 CMakeFiles/creatFire.elf.dir/Drivers/STM32F0xx_HAL_Driver/Src/stm32f0xx_hal_tim.c.obj
                0x08001848                HAL_TIM_PWM_Init
 .text.TIM_OC2_SetConfig
                0x080018a0       0x78 CMakeFiles/creatFire.elf.dir/Drivers/STM32F0xx_HAL_Driver/Src/stm32f0xx_hal_tim.c.obj
                0x080018a0                TIM_OC2_SetConfig
 .text.HAL_TIM_PWM_ConfigChannel
                0x08001918       0xf0 CMakeFiles/creatFire.elf.dir/Drivers/STM32F0xx_HAL_Driver/Src/stm32f0xx_hal_tim.c.obj
                0x08001918                HAL_TIM_PWM_ConfigChannel
 .text.TIM_ETR_SetConfig
                0x08001a08       0x18 CMakeFiles/creatFire.elf.dir/Drivers/STM32F0xx_HAL_Driver/Src/stm32f0xx_hal_tim.c.obj
                0x08001a08                TIM_ETR_SetConfig
 .text.HAL_TIM_ConfigClockSource
                0x08001a20      0x108 CMakeFiles/creatFire.elf.dir/Drivers/STM32F0xx_HAL_Driver/Src/stm32f0xx_hal_tim.c.obj
                0x08001a20                HAL_TIM_ConfigClockSource
 .text.TIM_CCxChannelCmd
                0x08001b28       0x1a CMakeFiles/creatFire.elf.dir/Drivers/STM32F0xx_HAL_Driver/Src/stm32f0xx_hal_tim.c.obj
                0x08001b28                TIM_CCxChannelCmd
 *fill*         0x08001b42        0x2 
 .text.HAL_TIM_PWM_Start
                0x08001b44       0xe4 CMakeFiles/creatFire.elf.dir/Drivers/STM32F0xx_HAL_Driver/Src/stm32f0xx_hal_tim.c.obj
                0x08001b44                HAL_TIM_PWM_Start
 .text.HAL_TIMEx_MasterConfigSynchronization
                0x08001c28       0x5c CMakeFiles/creatFire.elf.dir/Drivers/STM32F0xx_HAL_Driver/Src/stm32f0xx_hal_tim_ex.c.obj
                0x08001c28                HAL_TIMEx_MasterConfigSynchronization
 .text.HAL_TIMEx_ConfigBreakDeadTime
                0x08001c84       0x6c CMakeFiles/creatFire.elf.dir/Drivers/STM32F0xx_HAL_Driver/Src/stm32f0xx_hal_tim_ex.c.obj
                0x08001c84                HAL_TIMEx_ConfigBreakDeadTime
 .text.UART_EndRxTransfer
                0x08001cf0       0x60 CMakeFiles/creatFire.elf.dir/Drivers/STM32F0xx_HAL_Driver/Src/stm32f0xx_hal_uart.c.obj
 .text.HAL_UART_TxCpltCallback
                0x08001d50        0x2 CMakeFiles/creatFire.elf.dir/Drivers/STM32F0xx_HAL_Driver/Src/stm32f0xx_hal_uart.c.obj
                0x08001d50                HAL_UART_TxCpltCallback
 .text.UART_EndTransmit_IT
                0x08001d52       0x28 CMakeFiles/creatFire.elf.dir/Drivers/STM32F0xx_HAL_Driver/Src/stm32f0xx_hal_uart.c.obj
 .text.HAL_UART_ErrorCallback
                0x08001d7a        0x2 CMakeFiles/creatFire.elf.dir/Drivers/STM32F0xx_HAL_Driver/Src/stm32f0xx_hal_uart.c.obj
                0x08001d7a                HAL_UART_ErrorCallback
 .text.UART_DMAAbortOnError
                0x08001d7c       0x14 CMakeFiles/creatFire.elf.dir/Drivers/STM32F0xx_HAL_Driver/Src/stm32f0xx_hal_uart.c.obj
 .text.HAL_UARTEx_RxEventCallback
                0x08001d90        0x2 CMakeFiles/creatFire.elf.dir/Drivers/STM32F0xx_HAL_Driver/Src/stm32f0xx_hal_uart.c.obj
                0x08001d90                HAL_UARTEx_RxEventCallback
 *fill*         0x08001d92        0x2 
 .text.HAL_UART_IRQHandler
                0x08001d94      0x2b8 CMakeFiles/creatFire.elf.dir/Drivers/STM32F0xx_HAL_Driver/Src/stm32f0xx_hal_uart.c.obj
                0x08001d94                HAL_UART_IRQHandler
 .text.UART_RxISR_8BIT
                0x0800204c       0xdc CMakeFiles/creatFire.elf.dir/Drivers/STM32F0xx_HAL_Driver/Src/stm32f0xx_hal_uart.c.obj
 .text.UART_RxISR_16BIT
                0x08002128       0xd8 CMakeFiles/creatFire.elf.dir/Drivers/STM32F0xx_HAL_Driver/Src/stm32f0xx_hal_uart.c.obj
 .text.UART_SetConfig
                0x08002200      0x150 CMakeFiles/creatFire.elf.dir/Drivers/STM32F0xx_HAL_Driver/Src/stm32f0xx_hal_uart.c.obj
                0x08002200                UART_SetConfig
 .text.UART_AdvFeatureConfig
                0x08002350       0xe0 CMakeFiles/creatFire.elf.dir/Drivers/STM32F0xx_HAL_Driver/Src/stm32f0xx_hal_uart.c.obj
                0x08002350                UART_AdvFeatureConfig
 .text.UART_WaitOnFlagUntilTimeout
                0x08002430       0x9e CMakeFiles/creatFire.elf.dir/Drivers/STM32F0xx_HAL_Driver/Src/stm32f0xx_hal_uart.c.obj
                0x08002430                UART_WaitOnFlagUntilTimeout
 .text.HAL_UART_Transmit
                0x080024ce       0xf2 CMakeFiles/creatFire.elf.dir/Drivers/STM32F0xx_HAL_Driver/Src/stm32f0xx_hal_uart.c.obj
                0x080024ce                HAL_UART_Transmit
 .text.UART_CheckIdleState
                0x080025c0       0xd0 CMakeFiles/creatFire.elf.dir/Drivers/STM32F0xx_HAL_Driver/Src/stm32f0xx_hal_uart.c.obj
                0x080025c0                UART_CheckIdleState
 .text.HAL_UART_Init
                0x08002690       0x6c CMakeFiles/creatFire.elf.dir/Drivers/STM32F0xx_HAL_Driver/Src/stm32f0xx_hal_uart.c.obj
                0x08002690                HAL_UART_Init
 .text.UART_Start_Receive_IT
                0x080026fc       0xd4 CMakeFiles/creatFire.elf.dir/Drivers/STM32F0xx_HAL_Driver/Src/stm32f0xx_hal_uart.c.obj
                0x080026fc                UART_Start_Receive_IT
 .text.HAL_UART_Receive_IT
                0x080027d0       0x62 CMakeFiles/creatFire.elf.dir/Drivers/STM32F0xx_HAL_Driver/Src/stm32f0xx_hal_uart.c.obj
                0x080027d0                HAL_UART_Receive_IT
 *fill*         0x08002832        0x2 
 .text.memset   0x08002834       0xa8 C:/stm32_enviroment/arm-gnu-toolchain-13.3.rel1-mingw-w64-i686-arm-none-eabi/bin/../lib/gcc/arm-none-eabi/13.3.1/thumb/v6-m/nofp\libg.a(libc_a-memset.o)
                0x08002834                memset
 .text.__libc_init_array
                0x080028dc       0x48 C:/stm32_enviroment/arm-gnu-toolchain-13.3.rel1-mingw-w64-i686-arm-none-eabi/bin/../lib/gcc/arm-none-eabi/13.3.1/thumb/v6-m/nofp\libg.a(libc_a-init.o)
                0x080028dc                __libc_init_array
 .text.__retarget_lock_acquire_recursive
                0x08002924        0x4 C:/stm32_enviroment/arm-gnu-toolchain-13.3.rel1-mingw-w64-i686-arm-none-eabi/bin/../lib/gcc/arm-none-eabi/13.3.1/thumb/v6-m/nofp\libg.a(libc_a-lock.o)
                0x08002924                __retarget_lock_acquire_recursive
 .text.__retarget_lock_release_recursive
                0x08002928        0x4 C:/stm32_enviroment/arm-gnu-toolchain-13.3.rel1-mingw-w64-i686-arm-none-eabi/bin/../lib/gcc/arm-none-eabi/13.3.1/thumb/v6-m/nofp\libg.a(libc_a-lock.o)
                0x08002928                __retarget_lock_release_recursive
 .text.startup.register_fini
                0x0800292c       0x18 C:/stm32_enviroment/arm-gnu-toolchain-13.3.rel1-mingw-w64-i686-arm-none-eabi/bin/../lib/gcc/arm-none-eabi/13.3.1/thumb/v6-m/nofp\libg.a(libc_a-__call_atexit.o)
 .text.atexit   0x08002944       0x10 C:/stm32_enviroment/arm-gnu-toolchain-13.3.rel1-mingw-w64-i686-arm-none-eabi/bin/../lib/gcc/arm-none-eabi/13.3.1/thumb/v6-m/nofp\libg.a(libc_a-atexit.o)
                0x08002944                atexit
 .text.__libc_fini_array
                0x08002954       0x28 C:/stm32_enviroment/arm-gnu-toolchain-13.3.rel1-mingw-w64-i686-arm-none-eabi/bin/../lib/gcc/arm-none-eabi/13.3.1/thumb/v6-m/nofp\libg.a(libc_a-fini.o)
                0x08002954                __libc_fini_array
 .text.__register_exitproc
                0x0800297c       0xa8 C:/stm32_enviroment/arm-gnu-toolchain-13.3.rel1-mingw-w64-i686-arm-none-eabi/bin/../lib/gcc/arm-none-eabi/13.3.1/thumb/v6-m/nofp\libg.a(libc_a-__atexit.o)
                0x0800297c                __register_exitproc
 *(.glue_7)
 .glue_7        0x08002a24        0x0 linker stubs
 *(.glue_7t)
 .glue_7t       0x08002a24        0x0 linker stubs
 *(.eh_frame)
 .eh_frame      0x08002a24        0x0 C:/stm32_enviroment/arm-gnu-toolchain-13.3.rel1-mingw-w64-i686-arm-none-eabi/bin/../lib/gcc/arm-none-eabi/13.3.1/thumb/v6-m/nofp/crtbegin.o
 *(.init)
 .init          0x08002a24        0x4 C:/stm32_enviroment/arm-gnu-toolchain-13.3.rel1-mingw-w64-i686-arm-none-eabi/bin/../lib/gcc/arm-none-eabi/13.3.1/thumb/v6-m/nofp/crti.o
                0x08002a24                _init
 .init          0x08002a28        0x8 C:/stm32_enviroment/arm-gnu-toolchain-13.3.rel1-mingw-w64-i686-arm-none-eabi/bin/../lib/gcc/arm-none-eabi/13.3.1/thumb/v6-m/nofp/crtn.o
 *(.fini)
 .fini          0x08002a30        0x4 C:/stm32_enviroment/arm-gnu-toolchain-13.3.rel1-mingw-w64-i686-arm-none-eabi/bin/../lib/gcc/arm-none-eabi/13.3.1/thumb/v6-m/nofp/crti.o
                0x08002a30                _fini
 .fini          0x08002a34        0x8 C:/stm32_enviroment/arm-gnu-toolchain-13.3.rel1-mingw-w64-i686-arm-none-eabi/bin/../lib/gcc/arm-none-eabi/13.3.1/thumb/v6-m/nofp/crtn.o
                0x08002a3c                        . = ALIGN (0x4)
                0x08002a3c                        _etext = .

.vfp11_veneer   0x08002a3c        0x0
 .vfp11_veneer  0x08002a3c        0x0 linker stubs

.v4_bx          0x08002a3c        0x0
 .v4_bx         0x08002a3c        0x0 linker stubs

.iplt           0x08002a3c        0x0
 .iplt          0x08002a3c        0x0 C:/stm32_enviroment/arm-gnu-toolchain-13.3.rel1-mingw-w64-i686-arm-none-eabi/bin/../lib/gcc/arm-none-eabi/13.3.1/thumb/v6-m/nofp/crtbegin.o

.rodata         0x08002a3c       0x4c
                0x08002a3c                        . = ALIGN (0x4)
 *(.rodata)
 *(.rodata*)
 .rodata.HAL_UART_RxCpltCallback.str1.4
                0x08002a3c       0x11 CMakeFiles/creatFire.elf.dir/Bsp/Src/Bsp_usart.c.obj
 *fill*         0x08002a4d        0x3 
 .rodata.APBPrescTable
                0x08002a50        0x8 CMakeFiles/creatFire.elf.dir/Core/Src/system_stm32f0xx.c.obj
                0x08002a50                APBPrescTable
 .rodata.AHBPrescTable
                0x08002a58       0x10 CMakeFiles/creatFire.elf.dir/Core/Src/system_stm32f0xx.c.obj
                0x08002a58                AHBPrescTable
 .rodata.aPredivFactorTable.0
                0x08002a68       0x10 CMakeFiles/creatFire.elf.dir/Drivers/STM32F0xx_HAL_Driver/Src/stm32f0xx_hal_rcc.c.obj
 .rodata.aPLLMULFactorTable.1
                0x08002a78       0x10 CMakeFiles/creatFire.elf.dir/Drivers/STM32F0xx_HAL_Driver/Src/stm32f0xx_hal_rcc.c.obj
                0x08002a88                        . = ALIGN (0x4)

.ARM.extab      0x08002a88        0x0
                0x08002a88                        . = ALIGN (0x4)
 *(.ARM.extab* .gnu.linkonce.armextab.*)
                0x08002a88                        . = ALIGN (0x4)

.ARM            0x08002a88        0x0
                0x08002a88                        . = ALIGN (0x4)
                0x08002a88                        __exidx_start = .
 *(.ARM.exidx*)
                0x08002a88                        __exidx_end = .
                0x08002a88                        . = ALIGN (0x4)

.preinit_array  0x08002a88        0x0
                0x08002a88                        . = ALIGN (0x4)
                0x08002a88                        PROVIDE (__preinit_array_start = .)
 *(.preinit_array*)
                0x08002a88                        PROVIDE (__preinit_array_end = .)
                0x08002a88                        . = ALIGN (0x4)

.init_array     0x08002a88        0x8
                0x08002a88                        . = ALIGN (0x4)
                0x08002a88                        PROVIDE (__init_array_start = .)
 *(SORT_BY_NAME(.init_array.*))
 .init_array.00000
                0x08002a88        0x4 C:/stm32_enviroment/arm-gnu-toolchain-13.3.rel1-mingw-w64-i686-arm-none-eabi/bin/../lib/gcc/arm-none-eabi/13.3.1/thumb/v6-m/nofp\libg.a(libc_a-__call_atexit.o)
 *(.init_array*)
 .init_array    0x08002a8c        0x4 C:/stm32_enviroment/arm-gnu-toolchain-13.3.rel1-mingw-w64-i686-arm-none-eabi/bin/../lib/gcc/arm-none-eabi/13.3.1/thumb/v6-m/nofp/crtbegin.o
                0x08002a90                        PROVIDE (__init_array_end = .)
                0x08002a90                        . = ALIGN (0x4)

.fini_array     0x08002a90        0x4
                0x08002a90                        . = ALIGN (0x4)
                0x08002a90                        PROVIDE (__fini_array_start = .)
 *(SORT_BY_NAME(.fini_array.*))
 *(.fini_array*)
 .fini_array    0x08002a90        0x4 C:/stm32_enviroment/arm-gnu-toolchain-13.3.rel1-mingw-w64-i686-arm-none-eabi/bin/../lib/gcc/arm-none-eabi/13.3.1/thumb/v6-m/nofp/crtbegin.o
                0x08002a94                        PROVIDE (__fini_array_end = .)
                0x08002a94                        . = ALIGN (0x4)
                0x08002a94                        _sidata = LOADADDR (.data)

.rel.dyn        0x08002a94        0x0
 .rel.iplt      0x08002a94        0x0 C:/stm32_enviroment/arm-gnu-toolchain-13.3.rel1-mingw-w64-i686-arm-none-eabi/bin/../lib/gcc/arm-none-eabi/13.3.1/thumb/v6-m/nofp/crtbegin.o

.data           0x20000000       0x10 load address 0x08002a94
                0x20000000                        . = ALIGN (0x4)
                0x20000000                        _sdata = .
 *(.data)
 *(.data*)
 .data.SystemCoreClock
                0x20000000        0x4 CMakeFiles/creatFire.elf.dir/Core/Src/system_stm32f0xx.c.obj
                0x20000000                SystemCoreClock
 .data.uwTickFreq
                0x20000004        0x1 CMakeFiles/creatFire.elf.dir/Drivers/STM32F0xx_HAL_Driver/Src/stm32f0xx_hal.c.obj
                0x20000004                uwTickFreq
 *fill*         0x20000005        0x3 
 .data.uwTickPrio
                0x20000008        0x4 CMakeFiles/creatFire.elf.dir/Drivers/STM32F0xx_HAL_Driver/Src/stm32f0xx_hal.c.obj
                0x20000008                uwTickPrio
 .data.__atexit_recursive_mutex
                0x2000000c        0x4 C:/stm32_enviroment/arm-gnu-toolchain-13.3.rel1-mingw-w64-i686-arm-none-eabi/bin/../lib/gcc/arm-none-eabi/13.3.1/thumb/v6-m/nofp\libg.a(libc_a-__call_atexit.o)
                0x2000000c                __atexit_recursive_mutex
 *(.RamFunc)
 *(.RamFunc*)
                0x20000010                        . = ALIGN (0x4)
                0x20000010                        _edata = .

.tm_clone_table
                0x20000010        0x0 load address 0x08002aa4
 .tm_clone_table
                0x20000010        0x0 C:/stm32_enviroment/arm-gnu-toolchain-13.3.rel1-mingw-w64-i686-arm-none-eabi/bin/../lib/gcc/arm-none-eabi/13.3.1/thumb/v6-m/nofp/crtbegin.o
 .tm_clone_table
                0x20000010        0x0 C:/stm32_enviroment/arm-gnu-toolchain-13.3.rel1-mingw-w64-i686-arm-none-eabi/bin/../lib/gcc/arm-none-eabi/13.3.1/thumb/v6-m/nofp/crtend.o

.igot.plt       0x20000010        0x0 load address 0x08002aa4
 .igot.plt      0x20000010        0x0 C:/stm32_enviroment/arm-gnu-toolchain-13.3.rel1-mingw-w64-i686-arm-none-eabi/bin/../lib/gcc/arm-none-eabi/13.3.1/thumb/v6-m/nofp/crtbegin.o
                0x20000010                        . = ALIGN (0x4)

.bss            0x20000010      0x2cc load address 0x08002aa4
                0x20000010                        _sbss = .
                0x20000010                        __bss_start__ = _sbss
 *(.bss)
 *(.bss*)
 .bss.completed.1
                0x20000010        0x1 C:/stm32_enviroment/arm-gnu-toolchain-13.3.rel1-mingw-w64-i686-arm-none-eabi/bin/../lib/gcc/arm-none-eabi/13.3.1/thumb/v6-m/nofp/crtbegin.o
 *fill*         0x20000011        0x3 
 .bss.object.0  0x20000014       0x18 C:/stm32_enviroment/arm-gnu-toolchain-13.3.rel1-mingw-w64-i686-arm-none-eabi/bin/../lib/gcc/arm-none-eabi/13.3.1/thumb/v6-m/nofp/crtbegin.o
 .bss.cmd       0x2000002c        0x1 CMakeFiles/creatFire.elf.dir/Bsp/Src/Bsp_usart.c.obj
                0x2000002c                cmd
 *fill*         0x2000002d        0x3 
 .bss.hadc      0x20000030       0x40 CMakeFiles/creatFire.elf.dir/Core/Src/adc.c.obj
                0x20000030                hadc
 .bss.htim1     0x20000070       0x48 CMakeFiles/creatFire.elf.dir/Core/Src/tim.c.obj
                0x20000070                htim1
 .bss.huart1    0x200000b8       0x88 CMakeFiles/creatFire.elf.dir/Core/Src/usart.c.obj
                0x200000b8                huart1
 .bss.uwTick    0x20000140        0x4 CMakeFiles/creatFire.elf.dir/Drivers/STM32F0xx_HAL_Driver/Src/stm32f0xx_hal.c.obj
                0x20000140                uwTick
 .bss.__lock___atexit_recursive_mutex
                0x20000144        0x1 C:/stm32_enviroment/arm-gnu-toolchain-13.3.rel1-mingw-w64-i686-arm-none-eabi/bin/../lib/gcc/arm-none-eabi/13.3.1/thumb/v6-m/nofp\libg.a(libc_a-lock.o)
                0x20000144                __lock___atexit_recursive_mutex
 *fill*         0x20000145        0x3 
 .bss.__atexit  0x20000148        0x4 C:/stm32_enviroment/arm-gnu-toolchain-13.3.rel1-mingw-w64-i686-arm-none-eabi/bin/../lib/gcc/arm-none-eabi/13.3.1/thumb/v6-m/nofp\libg.a(libc_a-__call_atexit.o)
                0x20000148                __atexit
 .bss.__atexit0
                0x2000014c      0x190 C:/stm32_enviroment/arm-gnu-toolchain-13.3.rel1-mingw-w64-i686-arm-none-eabi/bin/../lib/gcc/arm-none-eabi/13.3.1/thumb/v6-m/nofp\libg.a(libc_a-__atexit.o)
                0x2000014c                __atexit0
 *(COMMON)
                0x200002dc                        . = ALIGN (0x4)
                0x200002dc                        _ebss = .
                0x200002dc                        __bss_end__ = _ebss

._user_heap_stack
                0x200002dc      0x604 load address 0x08002aa4
                0x200002e0                        . = ALIGN (0x8)
 *fill*         0x200002dc        0x4 
                [!provide]                        PROVIDE (end = .)
                0x200002e0                        PROVIDE (_end = .)
                0x200004e0                        . = (. + _Min_Heap_Size)
 *fill*         0x200002e0      0x200 
                0x200008e0                        . = (. + _Min_Stack_Size)
 *fill*         0x200004e0      0x400 
                0x200008e0                        . = ALIGN (0x8)

/DISCARD/
 libc.a(*)
 libm.a(*)
 libgcc.a(*)

.ARM.attributes
                0x00000000       0x28
 *(.ARM.attributes)
 .ARM.attributes
                0x00000000       0x1e C:/stm32_enviroment/arm-gnu-toolchain-13.3.rel1-mingw-w64-i686-arm-none-eabi/bin/../lib/gcc/arm-none-eabi/13.3.1/thumb/v6-m/nofp/crti.o
 .ARM.attributes
                0x0000001e       0x2c C:/stm32_enviroment/arm-gnu-toolchain-13.3.rel1-mingw-w64-i686-arm-none-eabi/bin/../lib/gcc/arm-none-eabi/13.3.1/thumb/v6-m/nofp/crtbegin.o
 .ARM.attributes
                0x0000004a       0x2c CMakeFiles/creatFire.elf.dir/Bsp/Src/Bsp_fire.c.obj
 .ARM.attributes
                0x00000076       0x2c CMakeFiles/creatFire.elf.dir/Bsp/Src/Bsp_usart.c.obj
 .ARM.attributes
                0x000000a2       0x2c CMakeFiles/creatFire.elf.dir/Core/Src/adc.c.obj
 .ARM.attributes
                0x000000ce       0x2c CMakeFiles/creatFire.elf.dir/Core/Src/gpio.c.obj
 .ARM.attributes
                0x000000fa       0x2c CMakeFiles/creatFire.elf.dir/Core/Src/main.c.obj
 .ARM.attributes
                0x00000126       0x2c CMakeFiles/creatFire.elf.dir/Core/Src/stm32f0xx_hal_msp.c.obj
 .ARM.attributes
                0x00000152       0x2c CMakeFiles/creatFire.elf.dir/Core/Src/stm32f0xx_it.c.obj
 .ARM.attributes
                0x0000017e       0x2c CMakeFiles/creatFire.elf.dir/Core/Src/system_stm32f0xx.c.obj
 .ARM.attributes
                0x000001aa       0x2c CMakeFiles/creatFire.elf.dir/Core/Src/tim.c.obj
 .ARM.attributes
                0x000001d6       0x2c CMakeFiles/creatFire.elf.dir/Core/Src/usart.c.obj
 .ARM.attributes
                0x00000202       0x21 CMakeFiles/creatFire.elf.dir/Core/Startup/startup_stm32f030f4px.s.obj
 .ARM.attributes
                0x00000223       0x2c CMakeFiles/creatFire.elf.dir/Drivers/STM32F0xx_HAL_Driver/Src/stm32f0xx_hal.c.obj
 .ARM.attributes
                0x0000024f       0x2c CMakeFiles/creatFire.elf.dir/Drivers/STM32F0xx_HAL_Driver/Src/stm32f0xx_hal_adc.c.obj
 .ARM.attributes
                0x0000027b       0x2c CMakeFiles/creatFire.elf.dir/Drivers/STM32F0xx_HAL_Driver/Src/stm32f0xx_hal_cortex.c.obj
 .ARM.attributes
                0x000002a7       0x2c CMakeFiles/creatFire.elf.dir/Drivers/STM32F0xx_HAL_Driver/Src/stm32f0xx_hal_dma.c.obj
 .ARM.attributes
                0x000002d3       0x2c CMakeFiles/creatFire.elf.dir/Drivers/STM32F0xx_HAL_Driver/Src/stm32f0xx_hal_gpio.c.obj
 .ARM.attributes
                0x000002ff       0x2c CMakeFiles/creatFire.elf.dir/Drivers/STM32F0xx_HAL_Driver/Src/stm32f0xx_hal_rcc.c.obj
 .ARM.attributes
                0x0000032b       0x2c CMakeFiles/creatFire.elf.dir/Drivers/STM32F0xx_HAL_Driver/Src/stm32f0xx_hal_rcc_ex.c.obj
 .ARM.attributes
                0x00000357       0x2c CMakeFiles/creatFire.elf.dir/Drivers/STM32F0xx_HAL_Driver/Src/stm32f0xx_hal_tim.c.obj
 .ARM.attributes
                0x00000383       0x2c CMakeFiles/creatFire.elf.dir/Drivers/STM32F0xx_HAL_Driver/Src/stm32f0xx_hal_tim_ex.c.obj
 .ARM.attributes
                0x000003af       0x2c CMakeFiles/creatFire.elf.dir/Drivers/STM32F0xx_HAL_Driver/Src/stm32f0xx_hal_uart.c.obj
 .ARM.attributes
                0x000003db       0x1e C:/stm32_enviroment/arm-gnu-toolchain-13.3.rel1-mingw-w64-i686-arm-none-eabi/bin/../lib/gcc/arm-none-eabi/13.3.1/thumb/v6-m/nofp\libgcc.a(_udivsi3.o)
 .ARM.attributes
                0x000003f9       0x1e C:/stm32_enviroment/arm-gnu-toolchain-13.3.rel1-mingw-w64-i686-arm-none-eabi/bin/../lib/gcc/arm-none-eabi/13.3.1/thumb/v6-m/nofp\libgcc.a(_dvmd_tls.o)
 .ARM.attributes
                0x00000417       0x2c C:/stm32_enviroment/arm-gnu-toolchain-13.3.rel1-mingw-w64-i686-arm-none-eabi/bin/../lib/gcc/arm-none-eabi/13.3.1/thumb/v6-m/nofp\libg.a(libc_a-memset.o)
 .ARM.attributes
                0x00000443       0x2c C:/stm32_enviroment/arm-gnu-toolchain-13.3.rel1-mingw-w64-i686-arm-none-eabi/bin/../lib/gcc/arm-none-eabi/13.3.1/thumb/v6-m/nofp\libg.a(libc_a-init.o)
 .ARM.attributes
                0x0000046f       0x2c C:/stm32_enviroment/arm-gnu-toolchain-13.3.rel1-mingw-w64-i686-arm-none-eabi/bin/../lib/gcc/arm-none-eabi/13.3.1/thumb/v6-m/nofp\libg.a(libc_a-lock.o)
 .ARM.attributes
                0x0000049b       0x2c C:/stm32_enviroment/arm-gnu-toolchain-13.3.rel1-mingw-w64-i686-arm-none-eabi/bin/../lib/gcc/arm-none-eabi/13.3.1/thumb/v6-m/nofp\libg.a(libc_a-__call_atexit.o)
 .ARM.attributes
                0x000004c7       0x2c C:/stm32_enviroment/arm-gnu-toolchain-13.3.rel1-mingw-w64-i686-arm-none-eabi/bin/../lib/gcc/arm-none-eabi/13.3.1/thumb/v6-m/nofp\libg.a(libc_a-atexit.o)
 .ARM.attributes
                0x000004f3       0x2c C:/stm32_enviroment/arm-gnu-toolchain-13.3.rel1-mingw-w64-i686-arm-none-eabi/bin/../lib/gcc/arm-none-eabi/13.3.1/thumb/v6-m/nofp\libg.a(libc_a-fini.o)
 .ARM.attributes
                0x0000051f       0x2c C:/stm32_enviroment/arm-gnu-toolchain-13.3.rel1-mingw-w64-i686-arm-none-eabi/bin/../lib/gcc/arm-none-eabi/13.3.1/thumb/v6-m/nofp\libg.a(libc_a-__atexit.o)
 .ARM.attributes
                0x0000054b       0x2c C:/stm32_enviroment/arm-gnu-toolchain-13.3.rel1-mingw-w64-i686-arm-none-eabi/bin/../lib/gcc/arm-none-eabi/13.3.1/thumb/v6-m/nofp/crtend.o
 .ARM.attributes
                0x00000577       0x1e C:/stm32_enviroment/arm-gnu-toolchain-13.3.rel1-mingw-w64-i686-arm-none-eabi/bin/../lib/gcc/arm-none-eabi/13.3.1/thumb/v6-m/nofp/crtn.o
OUTPUT(creatFire.elf elf32-littlearm)
LOAD linker stubs
LOAD C:/stm32_enviroment/arm-gnu-toolchain-13.3.rel1-mingw-w64-i686-arm-none-eabi/bin/../lib/gcc/arm-none-eabi/13.3.1/thumb/v6-m/nofp\libc.a
LOAD C:/stm32_enviroment/arm-gnu-toolchain-13.3.rel1-mingw-w64-i686-arm-none-eabi/bin/../lib/gcc/arm-none-eabi/13.3.1/thumb/v6-m/nofp\libm.a
LOAD C:/stm32_enviroment/arm-gnu-toolchain-13.3.rel1-mingw-w64-i686-arm-none-eabi/bin/../lib/gcc/arm-none-eabi/13.3.1/thumb/v6-m/nofp\libgcc.a

.debug_info     0x00000000    0x12a30
 .debug_info    0x00000000      0x615 CMakeFiles/creatFire.elf.dir/Bsp/Src/Bsp_fire.c.obj
 .debug_info    0x00000615      0x8a8 CMakeFiles/creatFire.elf.dir/Bsp/Src/Bsp_usart.c.obj
 .debug_info    0x00000ebd      0x944 CMakeFiles/creatFire.elf.dir/Core/Src/adc.c.obj
 .debug_info    0x00001801      0x3a2 CMakeFiles/creatFire.elf.dir/Core/Src/gpio.c.obj
 .debug_info    0x00001ba3      0xd7d CMakeFiles/creatFire.elf.dir/Core/Src/main.c.obj
 .debug_info    0x00002920      0x195 CMakeFiles/creatFire.elf.dir/Core/Src/stm32f0xx_hal_msp.c.obj
 .debug_info    0x00002ab5      0x6c9 CMakeFiles/creatFire.elf.dir/Core/Src/stm32f0xx_it.c.obj
 .debug_info    0x0000317e      0x264 CMakeFiles/creatFire.elf.dir/Core/Src/system_stm32f0xx.c.obj
 .debug_info    0x000033e2      0xd17 CMakeFiles/creatFire.elf.dir/Core/Src/tim.c.obj
 .debug_info    0x000040f9      0xae0 CMakeFiles/creatFire.elf.dir/Core/Src/usart.c.obj
 .debug_info    0x00004bd9       0x30 CMakeFiles/creatFire.elf.dir/Core/Startup/startup_stm32f030f4px.s.obj
 .debug_info    0x00004c09      0x6f5 CMakeFiles/creatFire.elf.dir/Drivers/STM32F0xx_HAL_Driver/Src/stm32f0xx_hal.c.obj
 .debug_info    0x000052fe      0xf56 CMakeFiles/creatFire.elf.dir/Drivers/STM32F0xx_HAL_Driver/Src/stm32f0xx_hal_adc.c.obj
 .debug_info    0x00006254      0x7bd CMakeFiles/creatFire.elf.dir/Drivers/STM32F0xx_HAL_Driver/Src/stm32f0xx_hal_cortex.c.obj
 .debug_info    0x00006a11      0x85a CMakeFiles/creatFire.elf.dir/Drivers/STM32F0xx_HAL_Driver/Src/stm32f0xx_hal_dma.c.obj
 .debug_info    0x0000726b      0x600 CMakeFiles/creatFire.elf.dir/Drivers/STM32F0xx_HAL_Driver/Src/stm32f0xx_hal_gpio.c.obj
 .debug_info    0x0000786b      0xa3a CMakeFiles/creatFire.elf.dir/Drivers/STM32F0xx_HAL_Driver/Src/stm32f0xx_hal_rcc.c.obj
 .debug_info    0x000082a5      0x3bd CMakeFiles/creatFire.elf.dir/Drivers/STM32F0xx_HAL_Driver/Src/stm32f0xx_hal_rcc_ex.c.obj
 .debug_info    0x00008662     0x3ba4 CMakeFiles/creatFire.elf.dir/Drivers/STM32F0xx_HAL_Driver/Src/stm32f0xx_hal_tim.c.obj
 .debug_info    0x0000c206     0x1a01 CMakeFiles/creatFire.elf.dir/Drivers/STM32F0xx_HAL_Driver/Src/stm32f0xx_hal_tim_ex.c.obj
 .debug_info    0x0000dc07     0x4e29 CMakeFiles/creatFire.elf.dir/Drivers/STM32F0xx_HAL_Driver/Src/stm32f0xx_hal_uart.c.obj

.debug_abbrev   0x00000000     0x2955
 .debug_abbrev  0x00000000      0x189 CMakeFiles/creatFire.elf.dir/Bsp/Src/Bsp_fire.c.obj
 .debug_abbrev  0x00000189      0x201 CMakeFiles/creatFire.elf.dir/Bsp/Src/Bsp_usart.c.obj
 .debug_abbrev  0x0000038a      0x204 CMakeFiles/creatFire.elf.dir/Core/Src/adc.c.obj
 .debug_abbrev  0x0000058e      0x172 CMakeFiles/creatFire.elf.dir/Core/Src/gpio.c.obj
 .debug_abbrev  0x00000700      0x248 CMakeFiles/creatFire.elf.dir/Core/Src/main.c.obj
 .debug_abbrev  0x00000948       0xc4 CMakeFiles/creatFire.elf.dir/Core/Src/stm32f0xx_hal_msp.c.obj
 .debug_abbrev  0x00000a0c      0x18e CMakeFiles/creatFire.elf.dir/Core/Src/stm32f0xx_it.c.obj
 .debug_abbrev  0x00000b9a      0x136 CMakeFiles/creatFire.elf.dir/Core/Src/system_stm32f0xx.c.obj
 .debug_abbrev  0x00000cd0      0x253 CMakeFiles/creatFire.elf.dir/Core/Src/tim.c.obj
 .debug_abbrev  0x00000f23      0x22b CMakeFiles/creatFire.elf.dir/Core/Src/usart.c.obj
 .debug_abbrev  0x0000114e       0x24 CMakeFiles/creatFire.elf.dir/Core/Startup/startup_stm32f030f4px.s.obj
 .debug_abbrev  0x00001172      0x269 CMakeFiles/creatFire.elf.dir/Drivers/STM32F0xx_HAL_Driver/Src/stm32f0xx_hal.c.obj
 .debug_abbrev  0x000013db      0x22f CMakeFiles/creatFire.elf.dir/Drivers/STM32F0xx_HAL_Driver/Src/stm32f0xx_hal_adc.c.obj
 .debug_abbrev  0x0000160a      0x2ec CMakeFiles/creatFire.elf.dir/Drivers/STM32F0xx_HAL_Driver/Src/stm32f0xx_hal_cortex.c.obj
 .debug_abbrev  0x000018f6      0x1f6 CMakeFiles/creatFire.elf.dir/Drivers/STM32F0xx_HAL_Driver/Src/stm32f0xx_hal_dma.c.obj
 .debug_abbrev  0x00001aec      0x1f4 CMakeFiles/creatFire.elf.dir/Drivers/STM32F0xx_HAL_Driver/Src/stm32f0xx_hal_gpio.c.obj
 .debug_abbrev  0x00001ce0      0x29c CMakeFiles/creatFire.elf.dir/Drivers/STM32F0xx_HAL_Driver/Src/stm32f0xx_hal_rcc.c.obj
 .debug_abbrev  0x00001f7c      0x1ac CMakeFiles/creatFire.elf.dir/Drivers/STM32F0xx_HAL_Driver/Src/stm32f0xx_hal_rcc_ex.c.obj
 .debug_abbrev  0x00002128      0x285 CMakeFiles/creatFire.elf.dir/Drivers/STM32F0xx_HAL_Driver/Src/stm32f0xx_hal_tim.c.obj
 .debug_abbrev  0x000023ad      0x283 CMakeFiles/creatFire.elf.dir/Drivers/STM32F0xx_HAL_Driver/Src/stm32f0xx_hal_tim_ex.c.obj
 .debug_abbrev  0x00002630      0x325 CMakeFiles/creatFire.elf.dir/Drivers/STM32F0xx_HAL_Driver/Src/stm32f0xx_hal_uart.c.obj

.debug_aranges  0x00000000      0xd28
 .debug_aranges
                0x00000000       0x28 CMakeFiles/creatFire.elf.dir/Bsp/Src/Bsp_fire.c.obj
 .debug_aranges
                0x00000028       0x20 CMakeFiles/creatFire.elf.dir/Bsp/Src/Bsp_usart.c.obj
 .debug_aranges
                0x00000048       0x30 CMakeFiles/creatFire.elf.dir/Core/Src/adc.c.obj
 .debug_aranges
                0x00000078       0x20 CMakeFiles/creatFire.elf.dir/Core/Src/gpio.c.obj
 .debug_aranges
                0x00000098       0x30 CMakeFiles/creatFire.elf.dir/Core/Src/main.c.obj
 .debug_aranges
                0x000000c8       0x20 CMakeFiles/creatFire.elf.dir/Core/Src/stm32f0xx_hal_msp.c.obj
 .debug_aranges
                0x000000e8       0x48 CMakeFiles/creatFire.elf.dir/Core/Src/stm32f0xx_it.c.obj
 .debug_aranges
                0x00000130       0x28 CMakeFiles/creatFire.elf.dir/Core/Src/system_stm32f0xx.c.obj
 .debug_aranges
                0x00000158       0x38 CMakeFiles/creatFire.elf.dir/Core/Src/tim.c.obj
 .debug_aranges
                0x00000190       0x30 CMakeFiles/creatFire.elf.dir/Core/Src/usart.c.obj
 .debug_aranges
                0x000001c0       0x28 CMakeFiles/creatFire.elf.dir/Core/Startup/startup_stm32f030f4px.s.obj
 .debug_aranges
                0x000001e8       0xd0 CMakeFiles/creatFire.elf.dir/Drivers/STM32F0xx_HAL_Driver/Src/stm32f0xx_hal.c.obj
 .debug_aranges
                0x000002b8       0xf8 CMakeFiles/creatFire.elf.dir/Drivers/STM32F0xx_HAL_Driver/Src/stm32f0xx_hal_adc.c.obj
 .debug_aranges
                0x000003b0       0x98 CMakeFiles/creatFire.elf.dir/Drivers/STM32F0xx_HAL_Driver/Src/stm32f0xx_hal_cortex.c.obj
 .debug_aranges
                0x00000448       0x88 CMakeFiles/creatFire.elf.dir/Drivers/STM32F0xx_HAL_Driver/Src/stm32f0xx_hal_dma.c.obj
 .debug_aranges
                0x000004d0       0x58 CMakeFiles/creatFire.elf.dir/Drivers/STM32F0xx_HAL_Driver/Src/stm32f0xx_hal_gpio.c.obj
 .debug_aranges
                0x00000528       0x80 CMakeFiles/creatFire.elf.dir/Drivers/STM32F0xx_HAL_Driver/Src/stm32f0xx_hal_rcc.c.obj
 .debug_aranges
                0x000005a8       0x30 CMakeFiles/creatFire.elf.dir/Drivers/STM32F0xx_HAL_Driver/Src/stm32f0xx_hal_rcc_ex.c.obj
 .debug_aranges
                0x000005d8      0x3d0 CMakeFiles/creatFire.elf.dir/Drivers/STM32F0xx_HAL_Driver/Src/stm32f0xx_hal_tim.c.obj
 .debug_aranges
                0x000009a8      0x168 CMakeFiles/creatFire.elf.dir/Drivers/STM32F0xx_HAL_Driver/Src/stm32f0xx_hal_tim_ex.c.obj
 .debug_aranges
                0x00000b10      0x218 CMakeFiles/creatFire.elf.dir/Drivers/STM32F0xx_HAL_Driver/Src/stm32f0xx_hal_uart.c.obj

.debug_rnglists
                0x00000000      0xa3d
 .debug_rnglists
                0x00000000       0x19 CMakeFiles/creatFire.elf.dir/Bsp/Src/Bsp_fire.c.obj
 .debug_rnglists
                0x00000019       0x14 CMakeFiles/creatFire.elf.dir/Bsp/Src/Bsp_usart.c.obj
 .debug_rnglists
                0x0000002d       0x20 CMakeFiles/creatFire.elf.dir/Core/Src/adc.c.obj
 .debug_rnglists
                0x0000004d       0x13 CMakeFiles/creatFire.elf.dir/Core/Src/gpio.c.obj
 .debug_rnglists
                0x00000060       0x20 CMakeFiles/creatFire.elf.dir/Core/Src/main.c.obj
 .debug_rnglists
                0x00000080       0x13 CMakeFiles/creatFire.elf.dir/Core/Src/stm32f0xx_hal_msp.c.obj
 .debug_rnglists
                0x00000093       0x31 CMakeFiles/creatFire.elf.dir/Core/Src/stm32f0xx_it.c.obj
 .debug_rnglists
                0x000000c4       0x1a CMakeFiles/creatFire.elf.dir/Core/Src/system_stm32f0xx.c.obj
 .debug_rnglists
                0x000000de       0x26 CMakeFiles/creatFire.elf.dir/Core/Src/tim.c.obj
 .debug_rnglists
                0x00000104       0x1f CMakeFiles/creatFire.elf.dir/Core/Src/usart.c.obj
 .debug_rnglists
                0x00000123       0x19 CMakeFiles/creatFire.elf.dir/Core/Startup/startup_stm32f030f4px.s.obj
 .debug_rnglists
                0x0000013c       0x97 CMakeFiles/creatFire.elf.dir/Drivers/STM32F0xx_HAL_Driver/Src/stm32f0xx_hal.c.obj
 .debug_rnglists
                0x000001d3       0xc1 CMakeFiles/creatFire.elf.dir/Drivers/STM32F0xx_HAL_Driver/Src/stm32f0xx_hal_adc.c.obj
 .debug_rnglists
                0x00000294       0x79 CMakeFiles/creatFire.elf.dir/Drivers/STM32F0xx_HAL_Driver/Src/stm32f0xx_hal_cortex.c.obj
 .debug_rnglists
                0x0000030d       0x63 CMakeFiles/creatFire.elf.dir/Drivers/STM32F0xx_HAL_Driver/Src/stm32f0xx_hal_dma.c.obj
 .debug_rnglists
                0x00000370       0x3f CMakeFiles/creatFire.elf.dir/Drivers/STM32F0xx_HAL_Driver/Src/stm32f0xx_hal_gpio.c.obj
 .debug_rnglists
                0x000003af       0x6e CMakeFiles/creatFire.elf.dir/Drivers/STM32F0xx_HAL_Driver/Src/stm32f0xx_hal_rcc.c.obj
 .debug_rnglists
                0x0000041d       0x2f CMakeFiles/creatFire.elf.dir/Drivers/STM32F0xx_HAL_Driver/Src/stm32f0xx_hal_rcc_ex.c.obj
 .debug_rnglists
                0x0000044c      0x303 CMakeFiles/creatFire.elf.dir/Drivers/STM32F0xx_HAL_Driver/Src/stm32f0xx_hal_tim.c.obj
 .debug_rnglists
                0x0000074f      0x11a CMakeFiles/creatFire.elf.dir/Drivers/STM32F0xx_HAL_Driver/Src/stm32f0xx_hal_tim_ex.c.obj
 .debug_rnglists
                0x00000869      0x1d4 CMakeFiles/creatFire.elf.dir/Drivers/STM32F0xx_HAL_Driver/Src/stm32f0xx_hal_uart.c.obj

.debug_line     0x00000000    0x10024
 .debug_line    0x00000000      0x271 CMakeFiles/creatFire.elf.dir/Bsp/Src/Bsp_fire.c.obj
 .debug_line    0x00000271      0x2ed CMakeFiles/creatFire.elf.dir/Bsp/Src/Bsp_usart.c.obj
 .debug_line    0x0000055e      0x3e7 CMakeFiles/creatFire.elf.dir/Core/Src/adc.c.obj
 .debug_line    0x00000945      0x246 CMakeFiles/creatFire.elf.dir/Core/Src/gpio.c.obj
 .debug_line    0x00000b8b      0x452 CMakeFiles/creatFire.elf.dir/Core/Src/main.c.obj
 .debug_line    0x00000fdd      0x1c2 CMakeFiles/creatFire.elf.dir/Core/Src/stm32f0xx_hal_msp.c.obj
 .debug_line    0x0000119f      0x2ba CMakeFiles/creatFire.elf.dir/Core/Src/stm32f0xx_it.c.obj
 .debug_line    0x00001459      0x278 CMakeFiles/creatFire.elf.dir/Core/Src/system_stm32f0xx.c.obj
 .debug_line    0x000016d1      0x49e CMakeFiles/creatFire.elf.dir/Core/Src/tim.c.obj
 .debug_line    0x00001b6f      0x3a3 CMakeFiles/creatFire.elf.dir/Core/Src/usart.c.obj
 .debug_line    0x00001f12       0x7b CMakeFiles/creatFire.elf.dir/Core/Startup/startup_stm32f030f4px.s.obj
 .debug_line    0x00001f8d      0x5a9 CMakeFiles/creatFire.elf.dir/Drivers/STM32F0xx_HAL_Driver/Src/stm32f0xx_hal.c.obj
 .debug_line    0x00002536     0x1053 CMakeFiles/creatFire.elf.dir/Drivers/STM32F0xx_HAL_Driver/Src/stm32f0xx_hal_adc.c.obj
 .debug_line    0x00003589      0x5a0 CMakeFiles/creatFire.elf.dir/Drivers/STM32F0xx_HAL_Driver/Src/stm32f0xx_hal_cortex.c.obj
 .debug_line    0x00003b29      0xabc CMakeFiles/creatFire.elf.dir/Drivers/STM32F0xx_HAL_Driver/Src/stm32f0xx_hal_dma.c.obj
 .debug_line    0x000045e5      0x716 CMakeFiles/creatFire.elf.dir/Drivers/STM32F0xx_HAL_Driver/Src/stm32f0xx_hal_gpio.c.obj
 .debug_line    0x00004cfb      0xc9c CMakeFiles/creatFire.elf.dir/Drivers/STM32F0xx_HAL_Driver/Src/stm32f0xx_hal_rcc.c.obj
 .debug_line    0x00005997      0x50b CMakeFiles/creatFire.elf.dir/Drivers/STM32F0xx_HAL_Driver/Src/stm32f0xx_hal_rcc_ex.c.obj
 .debug_line    0x00005ea2     0x48bd CMakeFiles/creatFire.elf.dir/Drivers/STM32F0xx_HAL_Driver/Src/stm32f0xx_hal_tim.c.obj
 .debug_line    0x0000a75f     0x1aa8 CMakeFiles/creatFire.elf.dir/Drivers/STM32F0xx_HAL_Driver/Src/stm32f0xx_hal_tim_ex.c.obj
 .debug_line    0x0000c207     0x3e1d CMakeFiles/creatFire.elf.dir/Drivers/STM32F0xx_HAL_Driver/Src/stm32f0xx_hal_uart.c.obj

.debug_str      0x00000000     0x3cf2
 .debug_str     0x00000000     0x3cf2 CMakeFiles/creatFire.elf.dir/Bsp/Src/Bsp_fire.c.obj
                                0x6a7 (size before relaxing)
 .debug_str     0x00003cf2      0x6fd CMakeFiles/creatFire.elf.dir/Bsp/Src/Bsp_usart.c.obj
 .debug_str     0x00003cf2      0x700 CMakeFiles/creatFire.elf.dir/Core/Src/adc.c.obj
 .debug_str     0x00003cf2      0x2ff CMakeFiles/creatFire.elf.dir/Core/Src/gpio.c.obj
 .debug_str     0x00003cf2      0xb96 CMakeFiles/creatFire.elf.dir/Core/Src/main.c.obj
 .debug_str     0x00003cf2      0x228 CMakeFiles/creatFire.elf.dir/Core/Src/stm32f0xx_hal_msp.c.obj
 .debug_str     0x00003cf2      0x679 CMakeFiles/creatFire.elf.dir/Core/Src/stm32f0xx_it.c.obj
 .debug_str     0x00003cf2      0x2a0 CMakeFiles/creatFire.elf.dir/Core/Src/system_stm32f0xx.c.obj
 .debug_str     0x00003cf2      0xa6e CMakeFiles/creatFire.elf.dir/Core/Src/tim.c.obj
 .debug_str     0x00003cf2      0x91b CMakeFiles/creatFire.elf.dir/Core/Src/usart.c.obj
 .debug_str     0x00003cf2       0x87 CMakeFiles/creatFire.elf.dir/Core/Startup/startup_stm32f030f4px.s.obj
 .debug_str     0x00003cf2      0x6a1 CMakeFiles/creatFire.elf.dir/Drivers/STM32F0xx_HAL_Driver/Src/stm32f0xx_hal.c.obj
 .debug_str     0x00003cf2      0x921 CMakeFiles/creatFire.elf.dir/Drivers/STM32F0xx_HAL_Driver/Src/stm32f0xx_hal_adc.c.obj
 .debug_str     0x00003cf2      0x5e2 CMakeFiles/creatFire.elf.dir/Drivers/STM32F0xx_HAL_Driver/Src/stm32f0xx_hal_cortex.c.obj
 .debug_str     0x00003cf2      0x646 CMakeFiles/creatFire.elf.dir/Drivers/STM32F0xx_HAL_Driver/Src/stm32f0xx_hal_dma.c.obj
 .debug_str     0x00003cf2      0x423 CMakeFiles/creatFire.elf.dir/Drivers/STM32F0xx_HAL_Driver/Src/stm32f0xx_hal_gpio.c.obj
 .debug_str     0x00003cf2      0x684 CMakeFiles/creatFire.elf.dir/Drivers/STM32F0xx_HAL_Driver/Src/stm32f0xx_hal_rcc.c.obj
 .debug_str     0x00003cf2      0x3db CMakeFiles/creatFire.elf.dir/Drivers/STM32F0xx_HAL_Driver/Src/stm32f0xx_hal_rcc_ex.c.obj
 .debug_str     0x00003cf2     0x16a8 CMakeFiles/creatFire.elf.dir/Drivers/STM32F0xx_HAL_Driver/Src/stm32f0xx_hal_tim.c.obj
 .debug_str     0x00003cf2      0xeb4 CMakeFiles/creatFire.elf.dir/Drivers/STM32F0xx_HAL_Driver/Src/stm32f0xx_hal_tim_ex.c.obj
 .debug_str     0x00003cf2      0xec1 CMakeFiles/creatFire.elf.dir/Drivers/STM32F0xx_HAL_Driver/Src/stm32f0xx_hal_uart.c.obj

.comment        0x00000000       0x45
 .comment       0x00000000       0x45 CMakeFiles/creatFire.elf.dir/Bsp/Src/Bsp_fire.c.obj
                                 0x46 (size before relaxing)
 .comment       0x00000045       0x46 CMakeFiles/creatFire.elf.dir/Bsp/Src/Bsp_usart.c.obj
 .comment       0x00000045       0x46 CMakeFiles/creatFire.elf.dir/Core/Src/adc.c.obj
 .comment       0x00000045       0x46 CMakeFiles/creatFire.elf.dir/Core/Src/gpio.c.obj
 .comment       0x00000045       0x46 CMakeFiles/creatFire.elf.dir/Core/Src/main.c.obj
 .comment       0x00000045       0x46 CMakeFiles/creatFire.elf.dir/Core/Src/stm32f0xx_hal_msp.c.obj
 .comment       0x00000045       0x46 CMakeFiles/creatFire.elf.dir/Core/Src/stm32f0xx_it.c.obj
 .comment       0x00000045       0x46 CMakeFiles/creatFire.elf.dir/Core/Src/system_stm32f0xx.c.obj
 .comment       0x00000045       0x46 CMakeFiles/creatFire.elf.dir/Core/Src/tim.c.obj
 .comment       0x00000045       0x46 CMakeFiles/creatFire.elf.dir/Core/Src/usart.c.obj
 .comment       0x00000045       0x46 CMakeFiles/creatFire.elf.dir/Drivers/STM32F0xx_HAL_Driver/Src/stm32f0xx_hal.c.obj
 .comment       0x00000045       0x46 CMakeFiles/creatFire.elf.dir/Drivers/STM32F0xx_HAL_Driver/Src/stm32f0xx_hal_adc.c.obj
 .comment       0x00000045       0x46 CMakeFiles/creatFire.elf.dir/Drivers/STM32F0xx_HAL_Driver/Src/stm32f0xx_hal_cortex.c.obj
 .comment       0x00000045       0x46 CMakeFiles/creatFire.elf.dir/Drivers/STM32F0xx_HAL_Driver/Src/stm32f0xx_hal_dma.c.obj
 .comment       0x00000045       0x46 CMakeFiles/creatFire.elf.dir/Drivers/STM32F0xx_HAL_Driver/Src/stm32f0xx_hal_gpio.c.obj
 .comment       0x00000045       0x46 CMakeFiles/creatFire.elf.dir/Drivers/STM32F0xx_HAL_Driver/Src/stm32f0xx_hal_rcc.c.obj
 .comment       0x00000045       0x46 CMakeFiles/creatFire.elf.dir/Drivers/STM32F0xx_HAL_Driver/Src/stm32f0xx_hal_rcc_ex.c.obj
 .comment       0x00000045       0x46 CMakeFiles/creatFire.elf.dir/Drivers/STM32F0xx_HAL_Driver/Src/stm32f0xx_hal_tim.c.obj
 .comment       0x00000045       0x46 CMakeFiles/creatFire.elf.dir/Drivers/STM32F0xx_HAL_Driver/Src/stm32f0xx_hal_tim_ex.c.obj
 .comment       0x00000045       0x46 CMakeFiles/creatFire.elf.dir/Drivers/STM32F0xx_HAL_Driver/Src/stm32f0xx_hal_uart.c.obj

.debug_frame    0x00000000     0x2324
 .debug_frame   0x00000000       0x30 CMakeFiles/creatFire.elf.dir/Bsp/Src/Bsp_fire.c.obj
 .debug_frame   0x00000030       0x28 CMakeFiles/creatFire.elf.dir/Bsp/Src/Bsp_usart.c.obj
 .debug_frame   0x00000058       0x5c CMakeFiles/creatFire.elf.dir/Core/Src/adc.c.obj
 .debug_frame   0x000000b4       0x2c CMakeFiles/creatFire.elf.dir/Core/Src/gpio.c.obj
 .debug_frame   0x000000e0       0x54 CMakeFiles/creatFire.elf.dir/Core/Src/main.c.obj
 .debug_frame   0x00000134       0x24 CMakeFiles/creatFire.elf.dir/Core/Src/stm32f0xx_hal_msp.c.obj
 .debug_frame   0x00000158       0x80 CMakeFiles/creatFire.elf.dir/Core/Src/stm32f0xx_it.c.obj
 .debug_frame   0x000001d8       0x38 CMakeFiles/creatFire.elf.dir/Core/Src/system_stm32f0xx.c.obj
 .debug_frame   0x00000210       0x68 CMakeFiles/creatFire.elf.dir/Core/Src/tim.c.obj
 .debug_frame   0x00000278       0x5c CMakeFiles/creatFire.elf.dir/Core/Src/usart.c.obj
 .debug_frame   0x000002d4      0x1ac CMakeFiles/creatFire.elf.dir/Drivers/STM32F0xx_HAL_Driver/Src/stm32f0xx_hal.c.obj
 .debug_frame   0x00000480      0x2a4 CMakeFiles/creatFire.elf.dir/Drivers/STM32F0xx_HAL_Driver/Src/stm32f0xx_hal_adc.c.obj
 .debug_frame   0x00000724      0x144 CMakeFiles/creatFire.elf.dir/Drivers/STM32F0xx_HAL_Driver/Src/stm32f0xx_hal_cortex.c.obj
 .debug_frame   0x00000868      0x168 CMakeFiles/creatFire.elf.dir/Drivers/STM32F0xx_HAL_Driver/Src/stm32f0xx_hal_dma.c.obj
 .debug_frame   0x000009d0       0xc0 CMakeFiles/creatFire.elf.dir/Drivers/STM32F0xx_HAL_Driver/Src/stm32f0xx_hal_gpio.c.obj
 .debug_frame   0x00000a90      0x138 CMakeFiles/creatFire.elf.dir/Drivers/STM32F0xx_HAL_Driver/Src/stm32f0xx_hal_rcc.c.obj
 .debug_frame   0x00000bc8       0x58 CMakeFiles/creatFire.elf.dir/Drivers/STM32F0xx_HAL_Driver/Src/stm32f0xx_hal_rcc_ex.c.obj
 .debug_frame   0x00000c20      0xae0 CMakeFiles/creatFire.elf.dir/Drivers/STM32F0xx_HAL_Driver/Src/stm32f0xx_hal_tim.c.obj
 .debug_frame   0x00001700      0x420 CMakeFiles/creatFire.elf.dir/Drivers/STM32F0xx_HAL_Driver/Src/stm32f0xx_hal_tim_ex.c.obj
 .debug_frame   0x00001b20      0x5f8 CMakeFiles/creatFire.elf.dir/Drivers/STM32F0xx_HAL_Driver/Src/stm32f0xx_hal_uart.c.obj
 .debug_frame   0x00002118       0x20 C:/stm32_enviroment/arm-gnu-toolchain-13.3.rel1-mingw-w64-i686-arm-none-eabi/bin/../lib/gcc/arm-none-eabi/13.3.1/thumb/v6-m/nofp\libgcc.a(_udivsi3.o)
 .debug_frame   0x00002138       0x30 C:/stm32_enviroment/arm-gnu-toolchain-13.3.rel1-mingw-w64-i686-arm-none-eabi/bin/../lib/gcc/arm-none-eabi/13.3.1/thumb/v6-m/nofp\libg.a(libc_a-memset.o)
 .debug_frame   0x00002168       0x2c C:/stm32_enviroment/arm-gnu-toolchain-13.3.rel1-mingw-w64-i686-arm-none-eabi/bin/../lib/gcc/arm-none-eabi/13.3.1/thumb/v6-m/nofp\libg.a(libc_a-init.o)
 .debug_frame   0x00002194       0xb0 C:/stm32_enviroment/arm-gnu-toolchain-13.3.rel1-mingw-w64-i686-arm-none-eabi/bin/../lib/gcc/arm-none-eabi/13.3.1/thumb/v6-m/nofp\libg.a(libc_a-lock.o)
 .debug_frame   0x00002244       0x54 C:/stm32_enviroment/arm-gnu-toolchain-13.3.rel1-mingw-w64-i686-arm-none-eabi/bin/../lib/gcc/arm-none-eabi/13.3.1/thumb/v6-m/nofp\libg.a(libc_a-__call_atexit.o)
 .debug_frame   0x00002298       0x28 C:/stm32_enviroment/arm-gnu-toolchain-13.3.rel1-mingw-w64-i686-arm-none-eabi/bin/../lib/gcc/arm-none-eabi/13.3.1/thumb/v6-m/nofp\libg.a(libc_a-atexit.o)
 .debug_frame   0x000022c0       0x2c C:/stm32_enviroment/arm-gnu-toolchain-13.3.rel1-mingw-w64-i686-arm-none-eabi/bin/../lib/gcc/arm-none-eabi/13.3.1/thumb/v6-m/nofp\libg.a(libc_a-fini.o)
 .debug_frame   0x000022ec       0x38 C:/stm32_enviroment/arm-gnu-toolchain-13.3.rel1-mingw-w64-i686-arm-none-eabi/bin/../lib/gcc/arm-none-eabi/13.3.1/thumb/v6-m/nofp\libg.a(libc_a-__atexit.o)

.debug_loclists
                0x00000000     0x9852
 .debug_loclists
                0x00000000       0x58 CMakeFiles/creatFire.elf.dir/Bsp/Src/Bsp_usart.c.obj
 .debug_loclists
                0x00000058       0x6b CMakeFiles/creatFire.elf.dir/Core/Src/adc.c.obj
 .debug_loclists
                0x000000c3       0xf5 CMakeFiles/creatFire.elf.dir/Core/Src/system_stm32f0xx.c.obj
 .debug_loclists
                0x000001b8       0x37 CMakeFiles/creatFire.elf.dir/Core/Src/tim.c.obj
 .debug_loclists
                0x000001ef       0x6b CMakeFiles/creatFire.elf.dir/Core/Src/usart.c.obj
 .debug_loclists
                0x0000025a       0xe1 CMakeFiles/creatFire.elf.dir/Drivers/STM32F0xx_HAL_Driver/Src/stm32f0xx_hal.c.obj
 .debug_loclists
                0x0000033b      0x9be CMakeFiles/creatFire.elf.dir/Drivers/STM32F0xx_HAL_Driver/Src/stm32f0xx_hal_adc.c.obj
 .debug_loclists
                0x00000cf9      0x208 CMakeFiles/creatFire.elf.dir/Drivers/STM32F0xx_HAL_Driver/Src/stm32f0xx_hal_cortex.c.obj
 .debug_loclists
                0x00000f01      0x642 CMakeFiles/creatFire.elf.dir/Drivers/STM32F0xx_HAL_Driver/Src/stm32f0xx_hal_dma.c.obj
 .debug_loclists
                0x00001543      0x28d CMakeFiles/creatFire.elf.dir/Drivers/STM32F0xx_HAL_Driver/Src/stm32f0xx_hal_gpio.c.obj
 .debug_loclists
                0x000017d0      0x423 CMakeFiles/creatFire.elf.dir/Drivers/STM32F0xx_HAL_Driver/Src/stm32f0xx_hal_rcc.c.obj
 .debug_loclists
                0x00001bf3      0x2c7 CMakeFiles/creatFire.elf.dir/Drivers/STM32F0xx_HAL_Driver/Src/stm32f0xx_hal_rcc_ex.c.obj
 .debug_loclists
                0x00001eba     0x3dfa CMakeFiles/creatFire.elf.dir/Drivers/STM32F0xx_HAL_Driver/Src/stm32f0xx_hal_tim.c.obj
 .debug_loclists
                0x00005cb4     0x1863 CMakeFiles/creatFire.elf.dir/Drivers/STM32F0xx_HAL_Driver/Src/stm32f0xx_hal_tim_ex.c.obj
 .debug_loclists
                0x00007517     0x233b CMakeFiles/creatFire.elf.dir/Drivers/STM32F0xx_HAL_Driver/Src/stm32f0xx_hal_uart.c.obj

.debug_line_str
                0x00000000      0x134
 .debug_line_str
                0x00000000      0x134 CMakeFiles/creatFire.elf.dir/Core/Startup/startup_stm32f030f4px.s.obj
                                 0x6b (size before relaxing)
 .debug_line_str
                0x00000134       0xc9 C:/stm32_enviroment/arm-gnu-toolchain-13.3.rel1-mingw-w64-i686-arm-none-eabi/bin/../lib/gcc/arm-none-eabi/13.3.1/thumb/v6-m/nofp\libgcc.a(_udivsi3.o)
 .debug_line_str
                0x00000134       0xc9 C:/stm32_enviroment/arm-gnu-toolchain-13.3.rel1-mingw-w64-i686-arm-none-eabi/bin/../lib/gcc/arm-none-eabi/13.3.1/thumb/v6-m/nofp\libgcc.a(_dvmd_tls.o)
